Archive member included to satisfy reference by file (symbol)

c:/program files/microchip/xc32/v4.35/bin/bin/../../lib/gcc/pic32mx/8.3.1\libgcc.a(floatunsisf.o)
                              build/default/production/sensor.o (__floatunsisf)
c:/program files/microchip/xc32/v4.35/bin/bin/../../lib/gcc/pic32mx/8.3.1/../../../../pic32mx/lib\libpic32.a(memset.o)
                              build/default/production/main.o (memset)
c:/program files/microchip/xc32/v4.35/bin/bin/../../lib/gcc/pic32mx/8.3.1/../../../../pic32mx/lib\libpic32.a(strcmp.o)
                              build/default/production/main.o (strcmp)
c:/program files/microchip/xc32/v4.35/bin/bin/../../lib/gcc/pic32mx/8.3.1/../../../../pic32mx/lib\libpic32.a(strlen.o)
                              build/default/production/TftDriver/TftDriver.o (strlen)
c:/program files/microchip/xc32/v4.35/bin/bin/../../lib/gcc/pic32mx/8.3.1/../../../../pic32mx/lib\libpic32.a(default-bootstrap-exception-handler.o)
                              C:\Users\34648\AppData\Local\Temp\cckC47wz.o (_bootstrap_exception_handler)
c:/program files/microchip/xc32/v4.35/bin/bin/../../lib/gcc/pic32mx/8.3.1/../../../../pic32mx/lib\libpic32.a(default-on-reset.o)
                              C:\Users\34648\AppData\Local\Temp\cckC47wz.o (_on_reset)
c:/program files/microchip/xc32/v4.35/bin/bin/../../lib/gcc/pic32mx/8.3.1/../../../../pic32mx/lib\libpic32.a(default-on-bootstrap.o)
                              C:\Users\34648\AppData\Local\Temp\cckC47wz.o (_on_bootstrap)
c:/program files/microchip/xc32/v4.35/bin/bin/../../lib/gcc/pic32mx/8.3.1/../../../../pic32mx/lib\libpic32.a(default-nmi-handler.o)
                              C:\Users\34648\AppData\Local\Temp\cckC47wz.o (_nmi_handler)
c:/program files/microchip/xc32/v4.35/bin/bin/../../lib/gcc/pic32mx/8.3.1/../../../../pic32mx/lib\libpic32.a(pic32_data_init_core.o)
                              C:\Users\34648\AppData\Local\Temp\cckC47wz.o (__pic32_data_init)
c:/program files/microchip/xc32/v4.35/bin/bin/../../lib/gcc/pic32mx/8.3.1/../../../../pic32mx/lib\libpic32.a(general-exception.o)
                              C:\Users\34648\AppData\Local\Temp\cckC47wz.o (_general_exception_context)
c:/program files/microchip/xc32/v4.35/bin/bin/../../lib/gcc/pic32mx/8.3.1/../../../../pic32mx/lib\libpic32.a(vector0.o)
                              C:\Users\34648\AppData\Local\Temp\ccA5Px2A.o (__vector_dispatch_0)
c:/program files/microchip/xc32/v4.35/bin/bin/../../lib/gcc/pic32mx/8.3.1/../../../../pic32mx/lib\libpic32.a(vector1.o)
                              C:\Users\34648\AppData\Local\Temp\ccA5Px2A.o (__vector_dispatch_1)
c:/program files/microchip/xc32/v4.35/bin/bin/../../lib/gcc/pic32mx/8.3.1/../../../../pic32mx/lib\libpic32.a(vector2.o)
                              C:\Users\34648\AppData\Local\Temp\ccA5Px2A.o (__vector_dispatch_2)
c:/program files/microchip/xc32/v4.35/bin/bin/../../lib/gcc/pic32mx/8.3.1/../../../../pic32mx/lib\libpic32.a(vector3.o)
                              C:\Users\34648\AppData\Local\Temp\ccA5Px2A.o (__vector_dispatch_3)
c:/program files/microchip/xc32/v4.35/bin/bin/../../lib/gcc/pic32mx/8.3.1/../../../../pic32mx/lib\libpic32.a(vector4.o)
                              C:\Users\34648\AppData\Local\Temp\ccA5Px2A.o (__vector_dispatch_4)
c:/program files/microchip/xc32/v4.35/bin/bin/../../lib/gcc/pic32mx/8.3.1/../../../../pic32mx/lib\libpic32.a(vector5.o)
                              C:\Users\34648\AppData\Local\Temp\ccA5Px2A.o (__vector_dispatch_5)
c:/program files/microchip/xc32/v4.35/bin/bin/../../lib/gcc/pic32mx/8.3.1/../../../../pic32mx/lib\libpic32.a(vector6.o)
                              C:\Users\34648\AppData\Local\Temp\ccA5Px2A.o (__vector_dispatch_6)
c:/program files/microchip/xc32/v4.35/bin/bin/../../lib/gcc/pic32mx/8.3.1/../../../../pic32mx/lib\libpic32.a(vector7.o)
                              C:\Users\34648\AppData\Local\Temp\ccA5Px2A.o (__vector_dispatch_7)
c:/program files/microchip/xc32/v4.35/bin/bin/../../lib/gcc/pic32mx/8.3.1/../../../../pic32mx/lib\libpic32.a(vector8.o)
                              C:\Users\34648\AppData\Local\Temp\ccA5Px2A.o (__vector_dispatch_8)
c:/program files/microchip/xc32/v4.35/bin/bin/../../lib/gcc/pic32mx/8.3.1/../../../../pic32mx/lib\libpic32.a(vector9.o)
                              C:\Users\34648\AppData\Local\Temp\ccA5Px2A.o (__vector_dispatch_9)
c:/program files/microchip/xc32/v4.35/bin/bin/../../lib/gcc/pic32mx/8.3.1/../../../../pic32mx/lib\libpic32.a(vector10.o)
                              C:\Users\34648\AppData\Local\Temp\ccA5Px2A.o (__vector_dispatch_10)
c:/program files/microchip/xc32/v4.35/bin/bin/../../lib/gcc/pic32mx/8.3.1/../../../../pic32mx/lib\libpic32.a(vector11.o)
                              C:\Users\34648\AppData\Local\Temp\ccA5Px2A.o (__vector_dispatch_11)
c:/program files/microchip/xc32/v4.35/bin/bin/../../lib/gcc/pic32mx/8.3.1/../../../../pic32mx/lib\libpic32.a(vector12.o)
[...]
Memory Configuration

Name             Origin             Length             Attributes
kseg0_program_mem 0x000000009d000000 0x000000000000f000 xr
exception_mem    0x000000009d00f000 0x0000000000001000
debug_exec_mem   0x000000009fc00490 0x0000000000000760
kseg0_boot_mem   0x000000009fc00490 0x0000000000000000
kseg1_boot_mem   0x00000000bfc00000 0x0000000000000490
config3          0x00000000bfc00bf0 0x0000000000000004
config2          0x00000000bfc00bf4 0x0000000000000004
config1          0x00000000bfc00bf8 0x0000000000000004
config0          0x00000000bfc00bfc 0x0000000000000004
kseg1_data_mem   0x00000000a0000000 0x0000000000004000 w !x
sfrs             0x00000000bf800000 0x0000000000100000
configsfrs       0x00000000bfc00bf0 0x0000000000000010
*default*        0x0000000000000000 0xffffffffffffffff

Linker script and memory map

LOAD c:/program files/microchip/xc32/v4.35/bin/bin/../../lib/gcc/pic32mx/8.3.1/../../../../pic32mx/lib\debug-exception-return.o
LOAD build/default/production/TftDriver/spi.o
LOAD build/default/production/TftDriver/TftDriver.o
LOAD build/default/production/TftDriver/DefaultFonts.o
LOAD build/default/production/TftDriver/bulb.o
LOAD build/default/production/TftDriver/fan.o
LOAD build/default/production/Pic32Ini.o
LOAD build/default/production/UART.o
LOAD build/default/production/main.o
LOAD build/default/production/sensor.o
LOAD build/default/production/bombilla.o
LOAD build/default/production/ventilador.o
                0x0000000000000001                __MPLAB_BUILD = 0x1
LOAD C:\Users\34648\AppData\Local\Temp\cckC47wz.o
LOAD C:\Users\34648\AppData\Local\Temp\ccbjutu0.o
LOAD C:\Users\34648\AppData\Local\Temp\ccA5Px2A.o
LOAD c:/program files/microchip/xc32/v4.35/bin/bin/../../lib/gcc/pic32mx/8.3.1/../../../../pic32mx/lib\pic32_software_reset.o
LOAD c:/program files/microchip/xc32/v4.35/bin/bin/../../lib/gcc/pic32mx/8.3.1\libgcc.a
START GROUP
LOAD c:/program files/microchip/xc32/v4.35/bin/bin/../../lib/gcc/pic32mx/8.3.1/../../../../pic32mx/lib\libpic32.a
LOAD c:/program files/microchip/xc32/v4.35/bin/bin/../../lib/gcc/pic32mx/8.3.1/../../../../pic32mx/lib\libdebug.a
LOAD c:/program files/microchip/xc32/v4.35/bin/bin/../../lib/gcc/pic32mx/8.3.1/../../../../pic32mx/lib\libc-musl.a
LOAD c:/program files/microchip/xc32/v4.35/bin/bin/../../lib/gcc/pic32mx/8.3.1/../../../../pic32mx/lib\libm.a
LOAD c:/program files/microchip/xc32/v4.35/bin/bin/../../lib/gcc/pic32mx/8.3.1/../../../../pic32mx/lib\libe.a
LOAD c:/program files/microchip/xc32/v4.35/bin/bin/../../lib/gcc/pic32mx/8.3.1/../../../../pic32mx/lib\libm-musl.a
LOAD c:/program files/microchip/xc32/v4.35/bin/bin/../../lib/gcc/pic32mx/8.3.1/../../../../pic32mx/lib\libdsp.a
LOAD c:/program files/microchip/xc32/v4.35/bin/bin/../../lib/gcc/pic32mx/8.3.1\libgcc.a
END GROUP
LOAD c:/program files/microchip/xc32/v4.35/bin/bin/../../lib/gcc/pic32mx/8.3.1\libgcc.a
                0x0000000000000400                PROVIDE (_min_stack_size = 0x400)
START GROUP
LOAD libmchp_peripheral.a
END GROUP
START GROUP
LOAD libmchp_peripheral_32MX230F064D.a
END GROUP
                0x0000000000000001                PROVIDE (_vector_spacing = 0x1)
                0x000000009d00f000                PROVIDE (_ebase_address = 0x9d00f000)
                0x00000000bfc00000                _RESET_ADDR = 0xbfc00000
                0x00000000bfc00380                _BEV_EXCPT_ADDR = 0xbfc00380
                0x00000000bfc00480                _DBG_EXCPT_ADDR = 0xbfc00480
                0x000000009fc00490                _DBG_CODE_ADDR = 0x9fc00490
                0x0000000000000760                _DBG_CODE_SIZE = 0x760
                0x000000009d00f180                _GEN_EXCPT_ADDR = (_ebase_address + 0x180)

.config_BFC00BF0
                0x00000000bfc00bf0        0x4
 *(.config_BFC00BF0)
 .config_BFC00BF0
                0x00000000bfc00bf0        0x4 build/default/production/Pic32Ini.o
                0x00000000bfc00bf0                __config_BFC00BF0

.config_BFC00BF4
                0x00000000bfc00bf4        0x4
 *(.config_BFC00BF4)
 .config_BFC00BF4
                0x00000000bfc00bf4        0x4 build/default/production/Pic32Ini.o
                0x00000000bfc00bf4                __config_BFC00BF4

.config_BFC00BF8
                0x00000000bfc00bf8        0x4
 *(.config_BFC00BF8)
 .config_BFC00BF8
                0x00000000bfc00bf8        0x4 build/default/production/Pic32Ini.o
                0x00000000bfc00bf8                __config_BFC00BF8

.config_BFC00BFC
                0x00000000bfc00bfc        0x4
 *(.config_BFC00BFC)
 .config_BFC00BFC
                0x00000000bfc00bfc        0x4 build/default/production/Pic32Ini.o
                0x00000000bfc00bfc                __config_BFC00BFC

.reset          0x00000000bfc00000      0x178
 *(.reset)
 .reset         0x00000000bfc00000        0x8 C:\Users\34648\AppData\Local\Temp\cckC47wz.o
                0x00000000bfc00000                _reset
 *(.reset.startup)
 .reset.startup
                0x00000000bfc00008      0x170 C:\Users\34648\AppData\Local\Temp\cckC47wz.o
                0x00000000bfc00008                _startup

.bev_excpt      0x00000000bfc00380       0x10
 *(.bev_handler)
 .bev_handler   0x00000000bfc00380       0x10 C:\Users\34648\AppData\Local\Temp\cckC47wz.o

.dbg_excpt      0x00000000bfc00480        0x0
                0x00000000bfc00480                . = (. + DEFINED (_DEBUGGER)?0x8:0x0)

.dbg_code       0x000000009fc00490        0x0
                0x000000009fc00490                . = (. + DEFINED (_DEBUGGER)?_DBG_CODE_SIZE:0x0)

.app_excpt      0x000000009d00f180       0x10
 *(.gen_handler)
 .gen_handler   0x000000009d00f180       0x10 C:\Users\34648\AppData\Local\Temp\cckC47wz.o

.vector_0       0x000000009d00f200        0x8
 *(.vector_0)
 .vector_0      0x000000009d00f200        0x8 c:/program files/microchip/xc32/v4.35/bin/bin/../../lib/gcc/pic32mx/8.3.1/../../../../pic32mx/lib\libpic32.a(vector0.o)
                0x000000009d00f200                __vector_dispatch_0
                0x0000000000000001                ASSERT (((_vector_spacing == 0x0) || (SIZEOF (.vector_0) <= (_vector_spacing << 0x5))), function at exception vector 0 too large)

.vector_1       0x000000009d00f220        0x8
 *(.vector_1)
 .vector_1      0x000000009d00f220        0x8 c:/program files/microchip/xc32/v4.35/bin/bin/../../lib/gcc/pic32mx/8.3.1/../../../../pic32mx/lib\libpic32.a(vector1.o)
                0x000000009d00f220                __vector_dispatch_1
                0x0000000000000001                ASSERT (((_vector_spacing == 0x0) || (SIZEOF (.vector_1) <= (_vector_spacing << 0x5))), function at exception vector 1 too large)

.vector_2       0x000000009d00f240        0x8
 *(.vector_2)
 .vector_2      0x000000009d00f240        0x8 c:/program files/microchip/xc32/v4.35/bin/bin/../../lib/gcc/pic32mx/8.3.1/../../../../pic32mx/lib\libpic32.a(vector2.o)
                0x000000009d00f240                __vector_dispatch_2
                0x0000000000000001                ASSERT (((_vector_spacing == 0x0) || (SIZEOF (.vector_2) <= (_vector_spacing << 0x5))), function at exception vector 2 too large)

.vector_3       0x000000009d00f260        0x8
 *(.vector_3)
 .vector_3      0x000000009d00f260        0x8 c:/program files/microchip/xc32/v4.35/bin/bin/../../lib/gcc/pic32mx/8.3.1/../../../../pic32mx/lib\libpic32.a(vector3.o)
                0x000000009d00f260                __vector_dispatch_3
                0x0000000000000001                ASSERT (((_vector_spacing == 0x0) || (SIZEOF (.vector_3) <= (_vector_spacing << 0x5))), function at exception vector 3 too large)

.vector_4       0x000000009d00f280        0x8
 *(.vector_4)
 .vector_4      0x000000009d00f280        0x8 c:/program files/microchip/xc32/v4.35/bin/bin/../../lib/gcc/pic32mx/8.3.1/../../../../pic32mx/lib\libpic32.a(vector4.o)
                0x000000009d00f280                __vector_dispatch_4
                0x0000000000000001                ASSERT (((_vector_spacing == 0x0) || (SIZEOF (.vector_4) <= (_vector_spacing << 0x5))), function at exception vector 4 too large)

.vector_5       0x000000009d00f2a0        0x8
 *(.vector_5)
 .vector_5      0x000000009d00f2a0        0x8 c:/program files/microchip/xc32/v4.35/bin/bin/../../lib/gcc/pic32mx/8.3.1/../../../../pic32mx/lib\libpic32.a(vector5.o)
                0x000000009d00f2a0                __vector_dispatch_5
                0x0000000000000001                ASSERT (((_vector_spacing == 0x0) || (SIZEOF (.vector_5) <= (_vector_spacing << 0x5))), function at exception vector 5 too large)

.vector_6       0x000000009d00f2c0        0x8
 *(.vector_6)
 .vector_6      0x000000009d00f2c0        0x8 c:/program files/microchip/xc32/v4.35/bin/bin/../../lib/gcc/pic32mx/8.3.1/../../../../pic32mx/lib\libpic32.a(vector6.o)
                0x000000009d00f2c0                __vector_dispatch_6
                0x0000000000000001                ASSERT (((_vector_spacing == 0x0) || (SIZEOF (.vector_6) <= (_vector_spacing << 0x5))), function at exception vector 6 too large)

.vector_7       0x000000009d00f2e0        0x8
 *(.vector_7)
 .vector_7      0x000000009d00f2e0        0x8 c:/program files/microchip/xc32/v4.35/bin/bin/../../lib/gcc/pic32mx/8.3.1/../../../../pic32mx/lib\libpic32.a(vector7.o)
                0x000000009d00f2e0                __vector_dispatch_7
                0x0000000000000001                ASSERT (((_vector_spacing == 0x0) || (SIZEOF (.vector_7) <= (_vector_spacing << 0x5))), function at exception vector 7 too large)

.vector_8       0x000000009d00f300        0x8
 *(.vector_8)
 .vector_8      0x000000009d00f300        0x8 c:/program files/microchip/xc32/v4.35/bin/bin/../../lib/gcc/pic32mx/8.3.1/../../../../pic32mx/lib\libpic32.a(vector8.o)
                0x000000009d00f300                __vector_dispatch_8
                0x0000000000000001                ASSERT (((_vector_spacing == 0x0) || (SIZEOF (.vector_8) <= (_vector_spacing << 0x5))), function at exception vector 8 too large)

.vector_9       0x000000009d00f320        0x8
 *(.vector_9)
 .vector_9      0x000000009d00f320        0x8 c:/program files/microchip/xc32/v4.35/bin/bin/../../lib/gcc/pic32mx/8.3.1/../../../../pic32mx/lib\libpic32.a(vector9.o)
                0x000000009d00f320                __vector_dispatch_9
                0x0000000000000001                ASSERT (((_vector_spacing == 0x0) || (SIZEOF (.vector_9) <= (_vector_spacing << 0x5))), function at exception vector 9 too large)

.vector_10      0x000000009d00f340        0x8
 *(.vector_10)
 .vector_10     0x000000009d00f340        0x8 c:/program files/microchip/xc32/v4.35/bin/bin/../../lib/gcc/pic32mx/8.3.1/../../../../pic32mx/lib\libpic32.a(vector10.o)
                0x000000009d00f340                __vector_dispatch_10
                0x0000000000000001                ASSERT (((_vector_spacing == 0x0) || (SIZEOF (.vector_10) <= (_vector_spacing << 0x5))), function at exception vector 10 too large)

.vector_11      0x000000009d00f360        0x8
 *(.vector_11)
 .vector_11     0x000000009d00f360        0x8 c:/program files/microchip/xc32/v4.35/bin/bin/../../lib/gcc/pic32mx/8.3.1/../../../../pic32mx/lib\libpic32.a(vector11.o)
                0x000000009d00f360                __vector_dispatch_11
                0x0000000000000001                ASSERT (((_vector_spacing == 0x0) || (SIZEOF (.vector_11) <= (_vector_spacing << 0x5))), function at exception vector 11 too large)

.vector_12      0x000000009d00f380        0x8
 *(.vector_12)
 .vector_12     0x000000009d00f380        0x8 c:/program files/microchip/xc32/v4.35/bin/bin/../../lib/gcc/pic32mx/8.3.1/../../../../pic32mx/lib\libpic32.a(vector12.o)
                0x000000009d00f380                __vector_dispatch_12
                0x0000000000000001                ASSERT (((_vector_spacing == 0x0) || (SIZEOF (.vector_12) <= (_vector_spacing << 0x5))), function at exception vector 12 too large)

.vector_13      0x000000009d00f3a0        0x8
 *(.vector_13)
 .vector_13     0x000000009d00f3a0        0x8 c:/program files/microchip/xc32/v4.35/bin/bin/../../lib/gcc/pic32mx/8.3.1/../../../../pic32mx/lib\libpic32.a(vector13.o)
                0x000000009d00f3a0                __vector_dispatch_13
                0x0000000000000001                ASSERT (((_vector_spacing == 0x0) || (SIZEOF (.vector_13) <= (_vector_spacing << 0x5))), function at exception vector 13 too large)

.vector_14      0x000000009d00f3c0        0x8
 *(.vector_14)
 .vector_14     0x000000009d00f3c0        0x8 c:/program files/microchip/xc32/v4.35/bin/bin/../../lib/gcc/pic32mx/8.3.1/../../../../pic32mx/lib\libpic32.a(vector14.o)
                0x000000009d00f3c0                __vector_dispatch_14
                0x0000000000000001                ASSERT (((_vector_spacing == 0x0) || (SIZEOF (.vector_14) <= (_vector_spacing << 0x5))), function at exception vector 14 too large)

.vector_15      0x000000009d00f3e0        0x8
 *(.vector_15)
 .vector_15     0x000000009d00f3e0        0x8 c:/program files/microchip/xc32/v4.35/bin/bin/../../lib/gcc/pic32mx/8.3.1/../../../../pic32mx/lib\libpic32.a(vector15.o)
                0x000000009d00f3e0                __vector_dispatch_15
                0x0000000000000001                ASSERT (((_vector_spacing == 0x0) || (SIZEOF (.vector_15) <= (_vector_spacing << 0x5))), function at exception vector 15 too large)

.vector_16      0x000000009d00f400        0x8
 *(.vector_16)
 .vector_16     0x000000009d00f400        0x8 build/default/production/ventilador.o
                0x000000009d00f400                __vector_dispatch_16
                0x0000000000000001                ASSERT (((_vector_spacing == 0x0) || (SIZEOF (.vector_16) <= (_vector_spacing << 0x5))), function at exception vector 16 too large)

.vector_17      0x000000009d00f420        0x8
 *(.vector_17)
 .vector_17     0x000000009d00f420        0x8 c:/program files/microchip/xc32/v4.35/bin/bin/../../lib/gcc/pic32mx/8.3.1/../../../../pic32mx/lib\libpic32.a(vector17.o)
                0x000000009d00f420                __vector_dispatch_17
                0x0000000000000001                ASSERT (((_vector_spacing == 0x0) || (SIZEOF (.vector_17) <= (_vector_spacing << 0x5))), function at exception vector 17 too large)

.vector_18      0x000000009d00f440        0x8
 *(.vector_18)
 .vector_18     0x000000009d00f440        0x8 c:/program files/microchip/xc32/v4.35/bin/bin/../../lib/gcc/pic32mx/8.3.1/../../../../pic32mx/lib\libpic32.a(vector18.o)
                0x000000009d00f440                __vector_dispatch_18
                0x0000000000000001                ASSERT (((_vector_spacing == 0x0) || (SIZEOF (.vector_18) <= (_vector_spacing << 0x5))), function at exception vector 18 too large)

.vector_19      0x000000009d00f460        0x8
 *(.vector_19)
 .vector_19     0x000000009d00f460        0x8 c:/program files/microchip/xc32/v4.35/bin/bin/../../lib/gcc/pic32mx/8.3.1/../../../../pic32mx/lib\libpic32.a(vector19.o)
                0x000000009d00f460                __vector_dispatch_19
                0x0000000000000001                ASSERT (((_vector_spacing == 0x0) || (SIZEOF (.vector_19) <= (_vector_spacing << 0x5))), function at exception vector 19 too large)

.vector_20      0x000000009d00f480        0x8
 *(.vector_20)
 .vector_20     0x000000009d00f480        0x8 c:/program files/microchip/xc32/v4.35/bin/bin/../../lib/gcc/pic32mx/8.3.1/../../../../pic32mx/lib\libpic32.a(vector20.o)
                0x000000009d00f480                __vector_dispatch_20
                0x0000000000000001                ASSERT (((_vector_spacing == 0x0) || (SIZEOF (.vector_20) <= (_vector_spacing << 0x5))), function at exception vector 20 too large)

.vector_21      0x000000009d00f4a0        0x8
 *(.vector_21)
 .vector_21     0x000000009d00f4a0        0x8 c:/program files/microchip/xc32/v4.35/bin/bin/../../lib/gcc/pic32mx/8.3.1/../../../../pic32mx/lib\libpic32.a(vector21.o)
                0x000000009d00f4a0                __vector_dispatch_21
                0x0000000000000001                ASSERT (((_vector_spacing == 0x0) || (SIZEOF (.vector_21) <= (_vector_spacing << 0x5))), function at exception vector 21 too large)

.vector_22      0x000000009d00f4c0        0x8
 *(.vector_22)
 .vector_22     0x000000009d00f4c0        0x8 c:/program files/microchip/xc32/v4.35/bin/bin/../../lib/gcc/pic32mx/8.3.1/../../../../pic32mx/lib\libpic32.a(vector22.o)
                0x000000009d00f4c0                __vector_dispatch_22
                0x0000000000000001                ASSERT (((_vector_spacing == 0x0) || (SIZEOF (.vector_22) <= (_vector_spacing << 0x5))), function at exception vector 22 too large)

.vector_23      0x000000009d00f4e0        0x8
 *(.vector_23)
 .vector_23     0x000000009d00f4e0        0x8 build/default/production/sensor.o
                0x000000009d00f4e0                __vector_dispatch_23
                0x0000000000000001                ASSERT (((_vector_spacing == 0x0) || (SIZEOF (.vector_23) <= (_vector_spacing << 0x5))), function at exception vector 23 too large)

.vector_24      0x000000009d00f500        0x8
 *(.vector_24)
 .vector_24     0x000000009d00f500        0x8 c:/program files/microchip/xc32/v4.35/bin/bin/../../lib/gcc/pic32mx/8.3.1/../../../../pic32mx/lib\libpic32.a(vector24.o)
                0x000000009d00f500                __vector_dispatch_24
                0x0000000000000001                ASSERT (((_vector_spacing == 0x0) || (SIZEOF (.vector_24) <= (_vector_spacing << 0x5))), function at exception vector 24 too large)

.vector_25      0x000000009d00f520        0x8
 *(.vector_25)
 .vector_25     0x000000009d00f520        0x8 c:/program files/microchip/xc32/v4.35/bin/bin/../../lib/gcc/pic32mx/8.3.1/../../../../pic32mx/lib\libpic32.a(vector25.o)
                0x000000009d00f520                __vector_dispatch_25
                0x0000000000000001                ASSERT (((_vector_spacing == 0x0) || (SIZEOF (.vector_25) <= (_vector_spacing << 0x5))), function at exception vector 25 too large)

.vector_26      0x000000009d00f540        0x8
 *(.vector_26)
 .vector_26     0x000000009d00f540        0x8 c:/program files/microchip/xc32/v4.35/bin/bin/../../lib/gcc/pic32mx/8.3.1/../../../../pic32mx/lib\libpic32.a(vector26.o)
                0x000000009d00f540                __vector_dispatch_26
                0x0000000000000001                ASSERT (((_vector_spacing == 0x0) || (SIZEOF (.vector_26) <= (_vector_spacing << 0x5))), function at exception vector 26 too large)

.vector_27      0x000000009d00f560        0x8
 *(.vector_27)
 .vector_27     0x000000009d00f560        0x8 c:/program files/microchip/xc32/v4.35/bin/bin/../../lib/gcc/pic32mx/8.3.1/../../../../pic32mx/lib\libpic32.a(vector27.o)
                0x000000009d00f560                __vector_dispatch_27
                0x0000000000000001                ASSERT (((_vector_spacing == 0x0) || (SIZEOF (.vector_27) <= (_vector_spacing << 0x5))), function at exception vector 27 too large)

.vector_28      0x000000009d00f580        0x8
 *(.vector_28)
 .vector_28     0x000000009d00f580        0x8 c:/program files/microchip/xc32/v4.35/bin/bin/../../lib/gcc/pic32mx/8.3.1/../../../../pic32mx/lib\libpic32.a(vector28.o)
                0x000000009d00f580                __vector_dispatch_28
                0x0000000000000001                ASSERT (((_vector_spacing == 0x0) || (SIZEOF (.vector_28) <= (_vector_spacing << 0x5))), function at exception vector 28 too large)

.vector_29      0x000000009d00f5a0        0x8
 *(.vector_29)
 .vector_29     0x000000009d00f5a0        0x8 c:/program files/microchip/xc32/v4.35/bin/bin/../../lib/gcc/pic32mx/8.3.1/../../../../pic32mx/lib\libpic32.a(vector29.o)
                0x000000009d00f5a0                __vector_dispatch_29
                0x0000000000000001                ASSERT (((_vector_spacing == 0x0) || (SIZEOF (.vector_29) <= (_vector_spacing << 0x5))), function at exception vector 29 too large)

.vector_30      0x000000009d00f5c0        0x8
 *(.vector_30)
 .vector_30     0x000000009d00f5c0        0x8 c:/program files/microchip/xc32/v4.35/bin/bin/../../lib/gcc/pic32mx/8.3.1/../../../../pic32mx/lib\libpic32.a(vector30.o)
                0x000000009d00f5c0                __vector_dispatch_30
                0x0000000000000001                ASSERT (((_vector_spacing == 0x0) || (SIZEOF (.vector_30) <= (_vector_spacing << 0x5))), function at exception vector 30 too large)

.vector_31      0x000000009d00f5e0        0x8
 *(.vector_31)
 .vector_31     0x000000009d00f5e0        0x8 c:/program files/microchip/xc32/v4.35/bin/bin/../../lib/gcc/pic32mx/8.3.1/../../../../pic32mx/lib\libpic32.a(vector31.o)
                0x000000009d00f5e0                __vector_dispatch_31
                0x0000000000000001                ASSERT (((_vector_spacing == 0x0) || (SIZEOF (.vector_31) <= (_vector_spacing << 0x5))), function at exception vector 31 too large)

.vector_32      0x000000009d00f600        0x8
 *(.vector_32)
 .vector_32     0x000000009d00f600        0x8 build/default/production/UART.o
                0x000000009d00f600                __vector_dispatch_32
                0x0000000000000001                ASSERT (((_vector_spacing == 0x0) || (SIZEOF (.vector_32) <= (_vector_spacing << 0x5))), function at exception vector 32 too large)

.vector_33      0x000000009d00f620        0x8
 *(.vector_33)
 .vector_33     0x000000009d00f620        0x8 c:/program files/microchip/xc32/v4.35/bin/bin/../../lib/gcc/pic32mx/8.3.1/../../../../pic32mx/lib\libpic32.a(vector33.o)
                0x000000009d00f620                __vector_dispatch_33
                0x0000000000000001                ASSERT (((_vector_spacing == 0x0) || (SIZEOF (.vector_33) <= (_vector_spacing << 0x5))), function at exception vector 33 too large)

.vector_34      0x000000009d00f640        0x8
 *(.vector_34)
 .vector_34     0x000000009d00f640        0x8 c:/program files/microchip/xc32/v4.35/bin/bin/../../lib/gcc/pic32mx/8.3.1/../../../../pic32mx/lib\libpic32.a(vector34.o)
                0x000000009d00f640                __vector_dispatch_34
                0x0000000000000001                ASSERT (((_vector_spacing == 0x0) || (SIZEOF (.vector_34) <= (_vector_spacing << 0x5))), function at exception vector 34 too large)

.vector_35      0x000000009d00f660        0x8
 *(.vector_35)
 .vector_35     0x000000009d00f660        0x8 c:/program files/microchip/xc32/v4.35/bin/bin/../../lib/gcc/pic32mx/8.3.1/../../../../pic32mx/lib\libpic32.a(vector35.o)
                0x000000009d00f660                __vector_dispatch_35
                0x0000000000000001                ASSERT (((_vector_spacing == 0x0) || (SIZEOF (.vector_35) <= (_vector_spacing << 0x5))), function at exception vector 35 too large)

.vector_36      0x000000009d00f680        0x8
 *(.vector_36)
 .vector_36     0x000000009d00f680        0x8 c:/program files/microchip/xc32/v4.35/bin/bin/../../lib/gcc/pic32mx/8.3.1/../../../../pic32mx/lib\libpic32.a(vector36.o)
                0x000000009d00f680                __vector_dispatch_36
                0x0000000000000001                ASSERT (((_vector_spacing == 0x0) || (SIZEOF (.vector_36) <= (_vector_spacing << 0x5))), function at exception vector 36 too large)

.vector_37      0x000000009d00f6a0        0x8
 *(.vector_37)
 .vector_37     0x000000009d00f6a0        0x8 c:/program files/microchip/xc32/v4.35/bin/bin/../../lib/gcc/pic32mx/8.3.1/../../../../pic32mx/lib\libpic32.a(vector37.o)
                0x000000009d00f6a0                __vector_dispatch_37
                0x0000000000000001                ASSERT (((_vector_spacing == 0x0) || (SIZEOF (.vector_37) <= (_vector_spacing << 0x5))), function at exception vector 37 too large)

.vector_38      0x000000009d00f6c0        0x8
 *(.vector_38)
 .vector_38     0x000000009d00f6c0        0x8 c:/program files/microchip/xc32/v4.35/bin/bin/../../lib/gcc/pic32mx/8.3.1/../../../../pic32mx/lib\libpic32.a(vector38.o)
                0x000000009d00f6c0                __vector_dispatch_38
                0x0000000000000001                ASSERT (((_vector_spacing == 0x0) || (SIZEOF (.vector_38) <= (_vector_spacing << 0x5))), function at exception vector 38 too large)

.vector_39      0x000000009d00f6e0        0x8
 *(.vector_39)
 .vector_39     0x000000009d00f6e0        0x8 c:/program files/microchip/xc32/v4.35/bin/bin/../../lib/gcc/pic32mx/8.3.1/../../../../pic32mx/lib\libpic32.a(vector39.o)
                0x000000009d00f6e0                __vector_dispatch_39
                0x0000000000000001                ASSERT (((_vector_spacing == 0x0) || (SIZEOF (.vector_39) <= (_vector_spacing << 0x5))), function at exception vector 39 too large)

.vector_40      0x000000009d00f700        0x8
 *(.vector_40)
 .vector_40     0x000000009d00f700        0x8 c:/program files/microchip/xc32/v4.35/bin/bin/../../lib/gcc/pic32mx/8.3.1/../../../../pic32mx/lib\libpic32.a(vector40.o)
                0x000000009d00f700                __vector_dispatch_40
                0x0000000000000001                ASSERT (((_vector_spacing == 0x0) || (SIZEOF (.vector_40) <= (_vector_spacing << 0x5))), function at exception vector 40 too large)

.vector_41      0x000000009d00f720        0x8
 *(.vector_41)
 .vector_41     0x000000009d00f720        0x8 c:/program files/microchip/xc32/v4.35/bin/bin/../../lib/gcc/pic32mx/8.3.1/../../../../pic32mx/lib\libpic32.a(vector41.o)
                0x000000009d00f720                __vector_dispatch_41
                0x0000000000000001                ASSERT (((_vector_spacing == 0x0) || (SIZEOF (.vector_41) <= (_vector_spacing << 0x5))), function at exception vector 41 too large)

.vector_42      0x000000009d00f740        0x8
 *(.vector_42)
 .vector_42     0x000000009d00f740        0x8 c:/program files/microchip/xc32/v4.35/bin/bin/../../lib/gcc/pic32mx/8.3.1/../../../../pic32mx/lib\libpic32.a(vector42.o)
                0x000000009d00f740                __vector_dispatch_42
                0x0000000000000001                ASSERT (((_vector_spacing == 0x0) || (SIZEOF (.vector_42) <= (_vector_spacing << 0x5))), function at exception vector 42 too large)

.vector_43      0x000000009d00f760        0x8
 *(.vector_43)
 .vector_43     0x000000009d00f760        0x8 c:/program files/microchip/xc32/v4.35/bin/bin/../../lib/gcc/pic32mx/8.3.1/../../../../pic32mx/lib\libpic32.a(vector43.o)
                0x000000009d00f760                __vector_dispatch_43
                0x0000000000000001                ASSERT (((_vector_spacing == 0x0) || (SIZEOF (.vector_43) <= (_vector_spacing << 0x5))), function at exception vector 43 too large)

.vector_44      0x000000009d00f780        0x0
 *(.vector_44)
                0x0000000000000001                ASSERT (((_vector_spacing == 0x0) || (SIZEOF (.vector_44) <= (_vector_spacing << 0x5))), function at exception vector 44 too large)

.vector_45      0x000000009d00f7a0        0x0
 *(.vector_45)
                0x0000000000000001                ASSERT (((_vector_spacing == 0x0) || (SIZEOF (.vector_45) <= (_vector_spacing << 0x5))), function at exception vector 45 too large)

.vector_46      0x000000009d00f7c0        0x0
 *(.vector_46)
                0x0000000000000001                ASSERT (((_vector_spacing == 0x0) || (SIZEOF (.vector_46) <= (_vector_spacing << 0x5))), function at exception vector 46 too large)

.vector_47      0x000000009d00f7e0        0x0
 *(.vector_47)
                0x0000000000000001                ASSERT (((_vector_spacing == 0x0) || (SIZEOF (.vector_47) <= (_vector_spacing << 0x5))), function at exception vector 47 too large)

.vector_48      0x000000009d00f800        0x0
 *(.vector_48)
                0x0000000000000001                ASSERT (((_vector_spacing == 0x0) || (SIZEOF (.vector_48) <= (_vector_spacing << 0x5))), function at exception vector 48 too large)

.vector_49      0x000000009d00f820        0x0
 *(.vector_49)
                0x0000000000000001                ASSERT (((_vector_spacing == 0x0) || (SIZEOF (.vector_49) <= (_vector_spacing << 0x5))), function at exception vector 49 too large)

.vector_50      0x000000009d00f840        0x0
 *(.vector_50)
                0x0000000000000001                ASSERT (((_vector_spacing == 0x0) || (SIZEOF (.vector_50) <= (_vector_spacing << 0x5))), function at exception vector 50 too large)

.vector_51      0x000000009d00f860        0x0
 *(.vector_51)
                0x0000000000000001                ASSERT (((_vector_spacing == 0x0) || (SIZEOF (.vector_51) <= (_vector_spacing << 0x5))), function at exception vector 51 too large)

.vector_52      0x000000009d00f880        0x0
 *(.vector_52)
                0x0000000000000001                ASSERT (((_vector_spacing == 0x0) || (SIZEOF (.vector_52) <= (_vector_spacing << 0x5))), function at exception vector 52 too large)

.vector_53      0x000000009d00f8a0        0x0
 *(.vector_53)
                0x0000000000000001                ASSERT (((_vector_spacing == 0x0) || (SIZEOF (.vector_53) <= (_vector_spacing << 0x5))), function at exception vector 53 too large)

.vector_54      0x000000009d00f8c0        0x0
 *(.vector_54)
                0x0000000000000001                ASSERT (((_vector_spacing == 0x0) || (SIZEOF (.vector_54) <= (_vector_spacing << 0x5))), function at exception vector 54 too large)

.vector_55      0x000000009d00f8e0        0x0
 *(.vector_55)
                0x0000000000000001                ASSERT (((_vector_spacing == 0x0) || (SIZEOF (.vector_55) <= (_vector_spacing << 0x5))), function at exception vector 55 too large)

.vector_56      0x000000009d00f900        0x0
 *(.vector_56)
                0x0000000000000001                ASSERT (((_vector_spacing == 0x0) || (SIZEOF (.vector_56) <= (_vector_spacing << 0x5))), function at exception vector 56 too large)

.vector_57      0x000000009d00f920        0x0
 *(.vector_57)
                0x0000000000000001                ASSERT (((_vector_spacing == 0x0) || (SIZEOF (.vector_57) <= (_vector_spacing << 0x5))), function at exception vector 57 too large)

.vector_58      0x000000009d00f940        0x0
 *(.vector_58)
                0x0000000000000001                ASSERT (((_vector_spacing == 0x0) || (SIZEOF (.vector_58) <= (_vector_spacing << 0x5))), function at exception vector 58 too large)

.vector_59      0x000000009d00f960        0x0
 *(.vector_59)
                0x0000000000000001                ASSERT (((_vector_spacing == 0x0) || (SIZEOF (.vector_59) <= (_vector_spacing << 0x5))), function at exception vector 59 too large)

.vector_60      0x000000009d00f980        0x0
 *(.vector_60)
                0x0000000000000001                ASSERT (((_vector_spacing == 0x0) || (SIZEOF (.vector_60) <= (_vector_spacing << 0x5))), function at exception vector 60 too large)

.vector_61      0x000000009d00f9a0        0x0
 *(.vector_61)
                0x0000000000000001                ASSERT (((_vector_spacing == 0x0) || (SIZEOF (.vector_61) <= (_vector_spacing << 0x5))), function at exception vector 61 too large)

.vector_62      0x000000009d00f9c0        0x0
 *(.vector_62)
                0x0000000000000001                ASSERT (((_vector_spacing == 0x0) || (SIZEOF (.vector_62) <= (_vector_spacing << 0x5))), function at exception vector 62 too large)

.vector_63      0x000000009d00f9e0        0x0
 *(.vector_63)
                0x0000000000000001                ASSERT (((_vector_spacing == 0x0) || (SIZEOF (.vector_63) <= (_vector_spacing << 0x5))), function at exception vector 63 too large)

.startup
 *(.startup)

.text           0x000000009d000000        0x0
 *(.stub .gnu.linkonce.t.*)
 *(.text.*personality*)
 *(.mips16.fn.*)
 *(.mips16.call.*)
 *(.gnu.warning)
                0x000000009d000000                . = ALIGN (0x4)

.init           0x000000009d000000        0x0
 *crti.o(.init)
 *crtbegin.o(.init)
 *(EXCLUDE_FILE(*crtn.o *crtend?.o *crtend.o) .init)
 *crtend.o(.init)
 *crtn.o(.init)
                0x000000009d000000                . = ALIGN (0x4)

.fini           0x000000009d000000        0x0
 *(.fini)
                0x000000009d000000                . = ALIGN (0x4)

.preinit_array  0x000000009d000000        0x0
                [!provide]                        PROVIDE (__preinit_array_start = .)
 *(.preinit_array)
                [!provide]                        PROVIDE (__preinit_array_end = .)
                0x000000009d000000                . = ALIGN (0x4)

.init_array     0x000000009d000000        0x0
                [!provide]                        PROVIDE (__init_array_start = .)
 *(SORT_BY_NAME(.init_array.*))
 *(.init_array)
                [!provide]                        PROVIDE (__init_array_end = .)
                0x000000009d000000                . = ALIGN (0x4)

.fini_array     0x000000009d000000        0x0
                [!provide]                        PROVIDE (__fini_array_start = .)
 *(SORT_BY_NAME(.fini_array.*))
 *(.fini_array)
                [!provide]                        PROVIDE (__fini_array_end = .)
                0x000000009d000000                . = ALIGN (0x4)

.ctors          0x000000009d000000        0x0
 *crtbegin.o(.ctors)
 *crtbegin?.o(.ctors)
 *(EXCLUDE_FILE(*crtend?.o *crtend.o) .ctors)
 *(SORT_BY_NAME(.ctors.*))
 *(.ctors)
                0x000000009d000000                . = ALIGN (0x4)

.dtors          0x000000009d000000        0x0
 *crtbegin.o(.dtors)
 *crtbegin?.o(.dtors)
 *(EXCLUDE_FILE(*crtend?.o *crtend.o) .dtors)
 *(SORT_BY_NAME(.dtors.*))
 *(.dtors)
                0x000000009d000000                . = ALIGN (0x4)

.rodata         0x000000009d000000        0x0
 *(.gnu.linkonce.r.*)
 *(.rodata1)
                0x000000009d000000                . = ALIGN (0x4)

.sdata2         0x000000009d000000        0x0
 *(.sdata2 .sdata2.* .gnu.linkonce.s2.*)
                0x000000009d000000                . = ALIGN (0x4)

.sbss2          0x000000009d000000        0x0
 *(.sbss2 .sbss2.* .gnu.linkonce.sb2.*)
                0x000000009d000000                . = ALIGN (0x4)

.eh_frame_hdr
 *(.eh_frame_hdr)
                0x000000009d000000                . = ALIGN (0x4)

.eh_frame
 *(.eh_frame)
                0x000000009d000000                . = ALIGN (0x4)

.gcc_except_table
 *(.gcc_except_table .gcc_except_table.*)
                0x000000009d000000                . = ALIGN (0x4)

.dbg_data       0x00000000a0000000        0x0
                0x00000000a0000000                . = (. + DEFINED (_DEBUGGER)?0x200:0x0)

.jcr            0x00000000a0000000        0x0
 *(.jcr)
                0x00000000a0000000                . = ALIGN (0x4)

.eh_frame
 *(.eh_frame)
                0x00000000a0000000                . = ALIGN (0x4)

.gcc_except_table
 *(.gcc_except_table .gcc_except_table.*)
                0x00000000a0000000                . = ALIGN (0x4)

.persist        0x00000000a0000000        0x0
                0x00000000a0000000                _persist_begin = .
 *(.persist .persist.*)
                0x00000000a0000000                . = ALIGN (0x4)
                0x00000000a0000000                _persist_end = .

.data           0x00000000a0000000        0x0
 *(.gnu.linkonce.d.*)
 *(.data1)
                0x00000000a0000000                . = ALIGN (0x4)
                0x00000000a0000000                . = .
                0x00000000a0007ff0                _gp = (ALIGN (0x10) + 0x7ff0)

.got            0x00000000a0000000        0x0
 *(.got.plt)
 *(.got)
                0x00000000a0000000                . = ALIGN (0x4)

.sdata          0x00000000a0000000       0x28
                0x00000000a0000000                _sdata_begin = .
 *(.sdata .sdata.* .gnu.linkonce.s.*)
 .sdata         0x00000000a0000000       0x10 build/default/production/sensor.o
                0x00000000a0000000                Vcc
 .sdata         0x00000000a0000010        0xc build/default/production/bombilla.o
                0x00000000a0000010                Kp
                0x00000000a0000014                Ki
                0x00000000a0000018                dt
 .sdata         0x00000000a000001c        0xc build/default/production/ventilador.o
                0x00000000a000001c                dt2
                0x00000000a0000020                Kp2
                0x00000000a0000024                Kd2
                0x00000000a0000028                . = ALIGN (0x4)
                0x00000000a0000028                _sdata_end = .

.lit8
 *(.lit8)

.lit4
 *(.lit4)
                0x00000000a0000028                . = ALIGN (0x4)
                0x00000000a0000028                _data_end = .
                0x00000000a0000028                _bss_begin = .

.sbss           0x00000000a0000028       0x3c
                0x00000000a0000028                _sbss_begin = .
 *(.dynsbss)
 *(.sbss .sbss.* .gnu.linkonce.sb.*)
 .sbss          0x00000000a0000028       0x11 build/default/production/TftDriver/TftDriver.o
                0x00000000a0000030                cfont
 *fill*         0x00000000a0000039        0x3 
 .sbss          0x00000000a000003c        0xc build/default/production/main.o
                0x00000000a000003c                modo_auto
                0x00000000a0000040                t_deseada
 .sbss          0x00000000a0000048        0x8 build/default/production/sensor.o
                0x00000000a0000048                media
                0x00000000a000004c                hay_media
 .sbss          0x00000000a0000050        0x8 build/default/production/bombilla.o
                0x00000000a0000050                alto
                0x00000000a0000054                error_integral
 .sbss          0x00000000a0000058        0xc build/default/production/ventilador.o
                0x00000000a0000058                cuenta
                0x00000000a000005c                vel
                0x00000000a0000060                error_anterior
 *(.scommon)
                0x00000000a0000064                _sbss_end = .
                0x00000000a0000064                . = ALIGN (0x4)

.bss            0x00000000a0000064        0x0
 *(.dynbss)
 *(COMMON)
                0x00000000a0000064                . = ALIGN ((. != 0x0)?0x4:0x1)
                0x00000000a0000064                . = ALIGN (0x4)
                0x00000000a0000064                _end = .
                0x00000000a0000064                _bss_end = .
                0x0000000000004000                _bmxdudba_address = LENGTH (kseg1_data_mem)
                0x0000000000004000                _bmxdupba_address = LENGTH (kseg1_data_mem)

/DISCARD/
 *(.pdr)
 *(.rel.dyn)
 *(.note.GNU-stack)
 *(.note.GNU-stack)
 *(.gnu_debuglink)
 *(.gnu.lto_*)
 *(.discard)

.gptab.sdata
 *(.gptab.data)
 *(.gptab.sdata)

.gptab.sbss
 *(.gptab.bss)
 *(.gptab.sbss)

.mdebug.abi32   0x0000000000000000        0x0
 *(.mdebug.abi32)
 .mdebug.abi32  0x0000000000000000        0x0 build/default/production/TftDriver/spi.o
 .mdebug.abi32  0x0000000000000000        0x0 build/default/production/TftDriver/TftDriver.o
 .mdebug.abi32  0x0000000000000000        0x0 build/default/production/TftDriver/DefaultFonts.o
 .mdebug.abi32  0x0000000000000000        0x0 build/default/production/TftDriver/bulb.o
 .mdebug.abi32  0x0000000000000000        0x0 build/default/production/TftDriver/fan.o
 .mdebug.abi32  0x0000000000000000        0x0 build/default/production/Pic32Ini.o
 .mdebug.abi32  0x0000000000000000        0x0 build/default/production/UART.o
 .mdebug.abi32  0x0000000000000000        0x0 build/default/production/main.o
 .mdebug.abi32  0x0000000000000000        0x0 build/default/production/sensor.o
 .mdebug.abi32  0x0000000000000000        0x0 build/default/production/bombilla.o
 .mdebug.abi32  0x0000000000000000        0x0 build/default/production/ventilador.o
 .mdebug.abi32  0x0000000000000000        0x0 c:/program files/microchip/xc32/v4.35/bin/bin/../../lib/gcc/pic32mx/8.3.1\libgcc.a(floatunsisf.o)
 .mdebug.abi32  0x0000000000000000        0x0 c:/program files/microchip/xc32/v4.35/bin/bin/../../lib/gcc/pic32mx/8.3.1/../../../../pic32mx/lib\libpic32.a(default-bootstrap-exception-handler.o)
 .mdebug.abi32  0x0000000000000000        0x0 c:/program files/microchip/xc32/v4.35/bin/bin/../../lib/gcc/pic32mx/8.3.1/../../../../pic32mx/lib\libpic32.a(default-on-reset.o)
 .mdebug.abi32  0x0000000000000000        0x0 c:/program files/microchip/xc32/v4.35/bin/bin/../../lib/gcc/pic32mx/8.3.1/../../../../pic32mx/lib\libpic32.a(default-on-bootstrap.o)
 .mdebug.abi32  0x0000000000000000        0x0 c:/program files/microchip/xc32/v4.35/bin/bin/../../lib/gcc/pic32mx/8.3.1/../../../../pic32mx/lib\libpic32.a(default-general-exception-handler.o)
 .mdebug.abi32  0x0000000000000000        0x0 c:/program files/microchip/xc32/v4.35/bin/bin/../../lib/gcc/pic32mx/8.3.1/../../../../pic32mx/lib\libpic32.a(defaultinterrupt.o)
 .mdebug.abi32  0x0000000000000000        0x0 c:/program files/microchip/xc32/v4.35/bin/bin/../../lib/gcc/pic32mx/8.3.1/../../../../pic32mx/lib\libc-musl.a(__sio_sprintf_deEfFgGn.o)
 .mdebug.abi32  0x0000000000000000        0x0 c:/program files/microchip/xc32/v4.35/bin/bin/../../lib/gcc/pic32mx/8.3.1/../../../../pic32mx/lib\libc-musl.a(__fmt_d.o)
 .mdebug.abi32  0x0000000000000000        0x0 c:/program files/microchip/xc32/v4.35/bin/bin/../../lib/gcc/pic32mx/8.3.1/../../../../pic32mx/lib\libc-musl.a(__fmt_fp.o)
 .mdebug.abi32  0x0000000000000000        0x0 c:/program files/microchip/xc32/v4.35/bin/bin/../../lib/gcc/pic32mx/8.3.1/../../../../pic32mx/lib\libc-musl.a(__pop_float.o)
 .mdebug.abi32  0x0000000000000000        0x0 c:/program files/microchip/xc32/v4.35/bin/bin/../../lib/gcc/pic32mx/8.3.1/../../../../pic32mx/lib\libc-musl.a(__pop_int.o)
 .mdebug.abi32  0x0000000000000000        0x0 c:/program files/microchip/xc32/v4.35/bin/bin/../../lib/gcc/pic32mx/8.3.1/../../../../pic32mx/lib\libc-musl.a(__pop_ptr.o)
 .mdebug.abi32  0x0000000000000000        0x0 c:/program files/microchip/xc32/v4.35/bin/bin/../../lib/gcc/pic32mx/8.3.1/../../../../pic32mx/lib\libc-musl.a(__printf_core.o)
 .mdebug.abi32  0x0000000000000000        0x0 c:/program files/microchip/xc32/v4.35/bin/bin/../../lib/gcc/pic32mx/8.3.1/../../../../pic32mx/lib\libc-musl.a(atoi.o)
 .mdebug.abi32  0x0000000000000000        0x0 c:/program files/microchip/xc32/v4.35/bin/bin/../../lib/gcc/pic32mx/8.3.1/../../../../pic32mx/lib\libc-musl.a(strtol.o)
 .mdebug.abi32  0x0000000000000000        0x0 c:/program files/microchip/xc32/v4.35/bin/bin/../../lib/gcc/pic32mx/8.3.1/../../../../pic32mx/lib\libc-musl.a(memcpy.o)
 .mdebug.abi32  0x0000000000000000        0x0 c:/program files/microchip/xc32/v4.35/bin/bin/../../lib/gcc/pic32mx/8.3.1/../../../../pic32mx/lib\libc-musl.a(strcpy.o)
 .mdebug.abi32  0x0000000000000000        0x0 c:/program files/microchip/xc32/v4.35/bin/bin/../../lib/gcc/pic32mx/8.3.1/../../../../pic32mx/lib\libc-musl.a(strncpy.o)
 .mdebug.abi32  0x0000000000000000        0x0 c:/program files/microchip/xc32/v4.35/bin/bin/../../lib/gcc/pic32mx/8.3.1/../../../../pic32mx/lib\libc-musl.a(strtok.o)
 .mdebug.abi32  0x0000000000000000        0x0 c:/program files/microchip/xc32/v4.35/bin/bin/../../lib/gcc/pic32mx/8.3.1/../../../../pic32mx/lib\libc-musl.a(tolower.o)
 .mdebug.abi32  0x0000000000000000        0x0 c:/program files/microchip/xc32/v4.35/bin/bin/../../lib/gcc/pic32mx/8.3.1/../../../../pic32mx/lib\libc-musl.a(intscan.o)
 .mdebug.abi32  0x0000000000000000        0x0 c:/program files/microchip/xc32/v4.35/bin/bin/../../lib/gcc/pic32mx/8.3.1/../../../../pic32mx/lib\libc-musl.a(shgetc.o)
 .mdebug.abi32  0x0000000000000000        0x0 c:/program files/microchip/xc32/v4.35/bin/bin/../../lib/gcc/pic32mx/8.3.1/../../../../pic32mx/lib\libc-musl.a(__int_vsprintf.o)
 .mdebug.abi32  0x0000000000000000        0x0 c:/program files/microchip/xc32/v4.35/bin/bin/../../lib/gcc/pic32mx/8.3.1/../../../../pic32mx/lib\libc-musl.a(__uflow.o)
 .mdebug.abi32  0x0000000000000000        0x0 c:/program files/microchip/xc32/v4.35/bin/bin/../../lib/gcc/pic32mx/8.3.1/../../../../pic32mx/lib\libc-musl.a(__cvt_u.o)
 .mdebug.abi32  0x0000000000000000        0x0 c:/program files/microchip/xc32/v4.35/bin/bin/../../lib/gcc/pic32mx/8.3.1/../../../../pic32mx/lib\libc-musl.a(stpcpy.o)
 .mdebug.abi32  0x0000000000000000        0x0 c:/program files/microchip/xc32/v4.35/bin/bin/../../lib/gcc/pic32mx/8.3.1/../../../../pic32mx/lib\libc-musl.a(stpncpy.o)
 .mdebug.abi32  0x0000000000000000        0x0 c:/program files/microchip/xc32/v4.35/bin/bin/../../lib/gcc/pic32mx/8.3.1/../../../../pic32mx/lib\libc-musl.a(strcspn.o)
 .mdebug.abi32  0x0000000000000000        0x0 c:/program files/microchip/xc32/v4.35/bin/bin/../../lib/gcc/pic32mx/8.3.1/../../../../pic32mx/lib\libc-musl.a(strspn.o)
 .mdebug.abi32  0x0000000000000000        0x0 c:/program files/microchip/xc32/v4.35/bin/bin/../../lib/gcc/pic32mx/8.3.1/../../../../pic32mx/lib\libc-musl.a(__int_vsnprintf.o)
 .mdebug.abi32  0x0000000000000000        0x0 c:/program files/microchip/xc32/v4.35/bin/bin/../../lib/gcc/pic32mx/8.3.1/../../../../pic32mx/lib\libc-musl.a(__toread.o)
 .mdebug.abi32  0x0000000000000000        0x0 c:/program files/microchip/xc32/v4.35/bin/bin/../../lib/gcc/pic32mx/8.3.1/../../../../pic32mx/lib\libc-musl.a(__stdio_exit.o)
 .mdebug.abi32  0x0000000000000000        0x0 c:/program files/microchip/xc32/v4.35/bin/bin/../../lib/gcc/pic32mx/8.3.1/../../../../pic32mx/lib\libc-musl.a(strchrnul.o)
 .mdebug.abi32  0x0000000000000000        0x0 c:/program files/microchip/xc32/v4.35/bin/bin/../../lib/gcc/pic32mx/8.3.1/../../../../pic32mx/lib\libc-musl.a(__int_vfprintf.o)
 .mdebug.abi32  0x0000000000000000        0x0 c:/program files/microchip/xc32/v4.35/bin/bin/../../lib/gcc/pic32mx/8.3.1/../../../../pic32mx/lib\libm-musl.a(fma.o)
 .mdebug.abi32  0x0000000000000000        0x0 c:/program files/microchip/xc32/v4.35/bin/bin/../../lib/gcc/pic32mx/8.3.1/../../../../pic32mx/lib\libm-musl.a(scalbn.o)
 .mdebug.abi32  0x0000000000000000        0x0 c:/program files/microchip/xc32/v4.35/bin/bin/../../lib/gcc/pic32mx/8.3.1\libgcc.a(_lshrdi3.o)
 .mdebug.abi32  0x0000000000000000        0x0 c:/program files/microchip/xc32/v4.35/bin/bin/../../lib/gcc/pic32mx/8.3.1\libgcc.a(_ashldi3.o)
 .mdebug.abi32  0x0000000000000000        0x0 c:/program files/microchip/xc32/v4.35/bin/bin/../../lib/gcc/pic32mx/8.3.1\libgcc.a(_floatdidf.o)
 .mdebug.abi32  0x0000000000000000        0x0 c:/program files/microchip/xc32/v4.35/bin/bin/../../lib/gcc/pic32mx/8.3.1\libgcc.a(_udivdi3.o)
 .mdebug.abi32  0x0000000000000000        0x0 c:/program files/microchip/xc32/v4.35/bin/bin/../../lib/gcc/pic32mx/8.3.1\libgcc.a(_umoddi3.o)
 .mdebug.abi32  0x0000000000000000        0x0 c:/program files/microchip/xc32/v4.35/bin/bin/../../lib/gcc/pic32mx/8.3.1\libgcc.a(floatunsidf.o)
 .mdebug.abi32  0x0000000000000000        0x0 c:/program files/microchip/xc32/v4.35/bin/bin/../../lib/gcc/pic32mx/8.3.1/../../../../pic32mx/lib\libpic32.a(errno.o)

.mdebug.abiN32
 *(.mdebug.abiN32)

.mdebug.abi64
 *(.mdebug.abi64)

.mdebug.abiO64
 *(.mdebug.abiO64)

.mdebug.eabi32
 *(.mdebug.eabi32)

.mdebug.eabi64
 *(.mdebug.eabi64)

.gcc_compiled_long32
 *(.gcc_compiled_long32)

.gcc_compiled_long64
 *(.gcc_compiled_long64)

.stab
 *(.stab)

.stabstr
 *(.stabstr)

.stab.excl
 *(.stab.excl)

.stab.exclstr
 *(.stab.exclstr)

.stab.index
 *(.stab.index)

.stab.indexstr
 *(.stab.indexstr)

.comment        0x0000000000000000       0x75
 *(.comment)
 .comment       0x0000000000000000       0x2b build/default/production/TftDriver/spi.o
                                         0x2c (size before relaxing)
 .comment       0x000000000000002b       0x2c build/default/production/TftDriver/TftDriver.o
 .comment       0x000000000000002b       0x2c build/default/production/TftDriver/DefaultFonts.o
 .comment       0x000000000000002b       0x2c build/default/production/TftDriver/bulb.o
 .comment       0x000000000000002b       0x2c build/default/production/TftDriver/fan.o
 .comment       0x000000000000002b       0x2c build/default/production/Pic32Ini.o
 .comment       0x000000000000002b       0x2c build/default/production/UART.o
 .comment       0x000000000000002b       0x2c build/default/production/main.o
 .comment       0x000000000000002b       0x2c build/default/production/sensor.o
 .comment       0x000000000000002b       0x2c build/default/production/bombilla.o
 .comment       0x000000000000002b       0x2c build/default/production/ventilador.o
 .comment       0x000000000000002b       0x2c c:/program files/microchip/xc32/v4.35/bin/bin/../../lib/gcc/pic32mx/8.3.1\libgcc.a(floatunsisf.o)
 .comment       0x000000000000002b       0x18 c:/program files/microchip/xc32/v4.35/bin/bin/../../lib/gcc/pic32mx/8.3.1/../../../../pic32mx/lib\libpic32.a(memset.o)
                                         0x19 (size before relaxing)
 .comment       0x0000000000000043       0x19 c:/program files/microchip/xc32/v4.35/bin/bin/../../lib/gcc/pic32mx/8.3.1/../../../../pic32mx/lib\libpic32.a(strcmp.o)
                                         0x1a (size before relaxing)
 .comment       0x000000000000005c       0x19 c:/program files/microchip/xc32/v4.35/bin/bin/../../lib/gcc/pic32mx/8.3.1/../../../../pic32mx/lib\libpic32.a(strlen.o)
                                         0x1a (size before relaxing)
 .comment       0x0000000000000075       0x2c c:/program files/microchip/xc32/v4.35/bin/bin/../../lib/gcc/pic32mx/8.3.1/../../../../pic32mx/lib\libpic32.a(default-bootstrap-exception-handler.o)
 .comment       0x0000000000000075       0x2c c:/program files/microchip/xc32/v4.35/bin/bin/../../lib/gcc/pic32mx/8.3.1/../../../../pic32mx/lib\libpic32.a(default-on-reset.o)
 .comment       0x0000000000000075       0x2c c:/program files/microchip/xc32/v4.35/bin/bin/../../lib/gcc/pic32mx/8.3.1/../../../../pic32mx/lib\libpic32.a(default-on-bootstrap.o)
 .comment       0x0000000000000075       0x2c c:/program files/microchip/xc32/v4.35/bin/bin/../../lib/gcc/pic32mx/8.3.1/../../../../pic32mx/lib\libpic32.a(default-general-exception-handler.o)
 .comment       0x0000000000000075       0x2c c:/program files/microchip/xc32/v4.35/bin/bin/../../lib/gcc/pic32mx/8.3.1/../../../../pic32mx/lib\libpic32.a(defaultinterrupt.o)
 .comment       0x0000000000000075       0x2c c:/program files/microchip/xc32/v4.35/bin/bin/../../lib/gcc/pic32mx/8.3.1/../../../../pic32mx/lib\libc-musl.a(__sio_sprintf_deEfFgGn.o)
 .comment       0x0000000000000075       0x2c c:/program files/microchip/xc32/v4.35/bin/bin/../../lib/gcc/pic32mx/8.3.1/../../../../pic32mx/lib\libc-musl.a(__fmt_d.o)
 .comment       0x0000000000000075       0x2c c:/program files/microchip/xc32/v4.35/bin/bin/../../lib/gcc/pic32mx/8.3.1/../../../../pic32mx/lib\libc-musl.a(__fmt_fp.o)
 .comment       0x0000000000000075       0x2c c:/program files/microchip/xc32/v4.35/bin/bin/../../lib/gcc/pic32mx/8.3.1/../../../../pic32mx/lib\libc-musl.a(__pop_float.o)
 .comment       0x0000000000000075       0x2c c:/program files/microchip/xc32/v4.35/bin/bin/../../lib/gcc/pic32mx/8.3.1/../../../../pic32mx/lib\libc-musl.a(__pop_int.o)
 .comment       0x0000000000000075       0x2c c:/program files/microchip/xc32/v4.35/bin/bin/../../lib/gcc/pic32mx/8.3.1/../../../../pic32mx/lib\libc-musl.a(__pop_ptr.o)
 .comment       0x0000000000000075       0x2c c:/program files/microchip/xc32/v4.35/bin/bin/../../lib/gcc/pic32mx/8.3.1/../../../../pic32mx/lib\libc-musl.a(__printf_core.o)
 .comment       0x0000000000000075       0x2c c:/program files/microchip/xc32/v4.35/bin/bin/../../lib/gcc/pic32mx/8.3.1/../../../../pic32mx/lib\libc-musl.a(atoi.o)
 .comment       0x0000000000000075       0x2c c:/program files/microchip/xc32/v4.35/bin/bin/../../lib/gcc/pic32mx/8.3.1/../../../../pic32mx/lib\libc-musl.a(strtol.o)
 .comment       0x0000000000000075       0x2c c:/program files/microchip/xc32/v4.35/bin/bin/../../lib/gcc/pic32mx/8.3.1/../../../../pic32mx/lib\libc-musl.a(memcpy.o)
 .comment       0x0000000000000075       0x2c c:/program files/microchip/xc32/v4.35/bin/bin/../../lib/gcc/pic32mx/8.3.1/../../../../pic32mx/lib\libc-musl.a(strcpy.o)
 .comment       0x0000000000000075       0x2c c:/program files/microchip/xc32/v4.35/bin/bin/../../lib/gcc/pic32mx/8.3.1/../../../../pic32mx/lib\libc-musl.a(strncpy.o)
 .comment       0x0000000000000075       0x2c c:/program files/microchip/xc32/v4.35/bin/bin/../../lib/gcc/pic32mx/8.3.1/../../../../pic32mx/lib\libc-musl.a(strtok.o)
 .comment       0x0000000000000075       0x2c c:/program files/microchip/xc32/v4.35/bin/bin/../../lib/gcc/pic32mx/8.3.1/../../../../pic32mx/lib\libc-musl.a(tolower.o)
 .comment       0x0000000000000075       0x2c c:/program files/microchip/xc32/v4.35/bin/bin/../../lib/gcc/pic32mx/8.3.1/../../../../pic32mx/lib\libc-musl.a(intscan.o)
 .comment       0x0000000000000075       0x2c c:/program files/microchip/xc32/v4.35/bin/bin/../../lib/gcc/pic32mx/8.3.1/../../../../pic32mx/lib\libc-musl.a(shgetc.o)
 .comment       0x0000000000000075       0x2c c:/program files/microchip/xc32/v4.35/bin/bin/../../lib/gcc/pic32mx/8.3.1/../../../../pic32mx/lib\libc-musl.a(__int_vsprintf.o)
 .comment       0x0000000000000075       0x2c c:/program files/microchip/xc32/v4.35/bin/bin/../../lib/gcc/pic32mx/8.3.1/../../../../pic32mx/lib\libc-musl.a(__uflow.o)
 .comment       0x0000000000000075       0x2c c:/program files/microchip/xc32/v4.35/bin/bin/../../lib/gcc/pic32mx/8.3.1/../../../../pic32mx/lib\libc-musl.a(__cvt_u.o)
 .comment       0x0000000000000075       0x2c c:/program files/microchip/xc32/v4.35/bin/bin/../../lib/gcc/pic32mx/8.3.1/../../../../pic32mx/lib\libc-musl.a(stpcpy.o)
 .comment       0x0000000000000075       0x2c c:/program files/microchip/xc32/v4.35/bin/bin/../../lib/gcc/pic32mx/8.3.1/../../../../pic32mx/lib\libc-musl.a(stpncpy.o)
 .comment       0x0000000000000075       0x2c c:/program files/microchip/xc32/v4.35/bin/bin/../../lib/gcc/pic32mx/8.3.1/../../../../pic32mx/lib\libc-musl.a(strcspn.o)
 .comment       0x0000000000000075       0x2c c:/program files/microchip/xc32/v4.35/bin/bin/../../lib/gcc/pic32mx/8.3.1/../../../../pic32mx/lib\libc-musl.a(strspn.o)
 .comment       0x0000000000000075       0x2c c:/program files/microchip/xc32/v4.35/bin/bin/../../lib/gcc/pic32mx/8.3.1/../../../../pic32mx/lib\libc-musl.a(__int_vsnprintf.o)
 .comment       0x0000000000000075       0x2c c:/program files/microchip/xc32/v4.35/bin/bin/../../lib/gcc/pic32mx/8.3.1/../../../../pic32mx/lib\libc-musl.a(__toread.o)
 .comment       0x0000000000000075       0x2c c:/program files/microchip/xc32/v4.35/bin/bin/../../lib/gcc/pic32mx/8.3.1/../../../../pic32mx/lib\libc-musl.a(__stdio_exit.o)
 .comment       0x0000000000000075       0x2c c:/program files/microchip/xc32/v4.35/bin/bin/../../lib/gcc/pic32mx/8.3.1/../../../../pic32mx/lib\libc-musl.a(strchrnul.o)
 .comment       0x0000000000000075       0x2c c:/program files/microchip/xc32/v4.35/bin/bin/../../lib/gcc/pic32mx/8.3.1/../../../../pic32mx/lib\libc-musl.a(__int_vfprintf.o)
 .comment       0x0000000000000075       0x2c c:/program files/microchip/xc32/v4.35/bin/bin/../../lib/gcc/pic32mx/8.3.1/../../../../pic32mx/lib\libm-musl.a(fma.o)
 .comment       0x0000000000000075       0x2c c:/program files/microchip/xc32/v4.35/bin/bin/../../lib/gcc/pic32mx/8.3.1/../../../../pic32mx/lib\libm-musl.a(scalbn.o)
 .comment       0x0000000000000075       0x2c c:/program files/microchip/xc32/v4.35/bin/bin/../../lib/gcc/pic32mx/8.3.1\libgcc.a(_lshrdi3.o)
 .comment       0x0000000000000075       0x2c c:/program files/microchip/xc32/v4.35/bin/bin/../../lib/gcc/pic32mx/8.3.1\libgcc.a(_ashldi3.o)
 .comment       0x0000000000000075       0x2c c:/program files/microchip/xc32/v4.35/bin/bin/../../lib/gcc/pic32mx/8.3.1\libgcc.a(_floatdidf.o)
 .comment       0x0000000000000075       0x2c c:/program files/microchip/xc32/v4.35/bin/bin/../../lib/gcc/pic32mx/8.3.1\libgcc.a(_udivdi3.o)
 .comment       0x0000000000000075       0x2c c:/program files/microchip/xc32/v4.35/bin/bin/../../lib/gcc/pic32mx/8.3.1\libgcc.a(_umoddi3.o)
 .comment       0x0000000000000075       0x2c c:/program files/microchip/xc32/v4.35/bin/bin/../../lib/gcc/pic32mx/8.3.1\libgcc.a(floatunsidf.o)
 .comment       0x0000000000000075       0x2c c:/program files/microchip/xc32/v4.35/bin/bin/../../lib/gcc/pic32mx/8.3.1/../../../../pic32mx/lib\libpic32.a(errno.o)

.debug
 *.elf(.debug)
 *(.debug)

.line
 *.elf(.line)
 *(.line)

.debug_srcinfo
 *.elf(.debug_srcinfo)
 *(.debug_srcinfo)

.debug_sfnames
 *.elf(.debug_sfnames)
 *(.debug_sfnames)

.debug_aranges  0x0000000000000000      0x728
 *.elf(.debug_aranges)
 *(.debug_aranges)
 .debug_aranges
                0x0000000000000000       0x20 build/default/production/TftDriver/spi.o
 .debug_aranges
                0x0000000000000020       0x20 build/default/production/TftDriver/TftDriver.o
 .debug_aranges
                0x0000000000000040       0x18 build/default/production/TftDriver/DefaultFonts.o
 .debug_aranges
                0x0000000000000058       0x18 build/default/production/TftDriver/bulb.o
 .debug_aranges
                0x0000000000000070       0x18 build/default/production/TftDriver/fan.o
 .debug_aranges
                0x0000000000000088       0x20 build/default/production/Pic32Ini.o
 .debug_aranges
                0x00000000000000a8       0x20 build/default/production/UART.o
 .debug_aranges
                0x00000000000000c8       0x20 build/default/production/main.o
 .debug_aranges
                0x00000000000000e8       0x20 build/default/production/sensor.o
 .debug_aranges
                0x0000000000000108       0x20 build/default/production/bombilla.o
 .debug_aranges
                0x0000000000000128       0x20 build/default/production/ventilador.o
 .debug_aranges
                0x0000000000000148       0x20 c:/program files/microchip/xc32/v4.35/bin/bin/../../lib/gcc/pic32mx/8.3.1\libgcc.a(floatunsisf.o)
 .debug_aranges
                0x0000000000000168       0x20 c:/program files/microchip/xc32/v4.35/bin/bin/../../lib/gcc/pic32mx/8.3.1/../../../../pic32mx/lib\libpic32.a(default-bootstrap-exception-handler.o)
 .debug_aranges
                0x0000000000000188       0x20 c:/program files/microchip/xc32/v4.35/bin/bin/../../lib/gcc/pic32mx/8.3.1/../../../../pic32mx/lib\libpic32.a(default-on-reset.o)
 .debug_aranges
                0x00000000000001a8       0x20 c:/program files/microchip/xc32/v4.35/bin/bin/../../lib/gcc/pic32mx/8.3.1/../../../../pic32mx/lib\libpic32.a(default-on-bootstrap.o)
 .debug_aranges
                0x00000000000001c8       0x20 c:/program files/microchip/xc32/v4.35/bin/bin/../../lib/gcc/pic32mx/8.3.1/../../../../pic32mx/lib\libpic32.a(default-general-exception-handler.o)
 .debug_aranges
                0x00000000000001e8       0x20 c:/program files/microchip/xc32/v4.35/bin/bin/../../lib/gcc/pic32mx/8.3.1/../../../../pic32mx/lib\libpic32.a(defaultinterrupt.o)
 .debug_aranges
                0x0000000000000208       0x28 c:/program files/microchip/xc32/v4.35/bin/bin/../../lib/gcc/pic32mx/8.3.1/../../../../pic32mx/lib\libc-musl.a(__sio_sprintf_deEfFgGn.o)
 .debug_aranges
                0x0000000000000230       0x20 c:/program files/microchip/xc32/v4.35/bin/bin/../../lib/gcc/pic32mx/8.3.1/../../../../pic32mx/lib\libc-musl.a(__fmt_d.o)
 .debug_aranges
                0x0000000000000250       0x20 c:/program files/microchip/xc32/v4.35/bin/bin/../../lib/gcc/pic32mx/8.3.1/../../../../pic32mx/lib\libc-musl.a(__fmt_fp.o)
 .debug_aranges
                0x0000000000000270       0x20 c:/program files/microchip/xc32/v4.35/bin/bin/../../lib/gcc/pic32mx/8.3.1/../../../../pic32mx/lib\libc-musl.a(__pop_float.o)
 .debug_aranges
                0x0000000000000290       0x20 c:/program files/microchip/xc32/v4.35/bin/bin/../../lib/gcc/pic32mx/8.3.1/../../../../pic32mx/lib\libc-musl.a(__pop_int.o)
 .debug_aranges
                0x00000000000002b0       0x20 c:/program files/microchip/xc32/v4.35/bin/bin/../../lib/gcc/pic32mx/8.3.1/../../../../pic32mx/lib\libc-musl.a(__pop_ptr.o)
 .debug_aranges
                0x00000000000002d0       0x50 c:/program files/microchip/xc32/v4.35/bin/bin/../../lib/gcc/pic32mx/8.3.1/../../../../pic32mx/lib\libc-musl.a(__printf_core.o)
 .debug_aranges
                0x0000000000000320       0x20 c:/program files/microchip/xc32/v4.35/bin/bin/../../lib/gcc/pic32mx/8.3.1/../../../../pic32mx/lib\libc-musl.a(atoi.o)
 .debug_aranges
                0x0000000000000340       0x50 c:/program files/microchip/xc32/v4.35/bin/bin/../../lib/gcc/pic32mx/8.3.1/../../../../pic32mx/lib\libc-musl.a(strtol.o)
 .debug_aranges
                0x0000000000000390       0x20 c:/program files/microchip/xc32/v4.35/bin/bin/../../lib/gcc/pic32mx/8.3.1/../../../../pic32mx/lib\libc-musl.a(memcpy.o)
 .debug_aranges
                0x00000000000003b0       0x20 c:/program files/microchip/xc32/v4.35/bin/bin/../../lib/gcc/pic32mx/8.3.1/../../../../pic32mx/lib\libc-musl.a(strcpy.o)
 .debug_aranges
                0x00000000000003d0       0x20 c:/program files/microchip/xc32/v4.35/bin/bin/../../lib/gcc/pic32mx/8.3.1/../../../../pic32mx/lib\libc-musl.a(strncpy.o)
 .debug_aranges
                0x00000000000003f0       0x20 c:/program files/microchip/xc32/v4.35/bin/bin/../../lib/gcc/pic32mx/8.3.1/../../../../pic32mx/lib\libc-musl.a(strtok.o)
 .debug_aranges
                0x0000000000000410       0x28 c:/program files/microchip/xc32/v4.35/bin/bin/../../lib/gcc/pic32mx/8.3.1/../../../../pic32mx/lib\libc-musl.a(tolower.o)
 .debug_aranges
                0x0000000000000438       0x20 c:/program files/microchip/xc32/v4.35/bin/bin/../../lib/gcc/pic32mx/8.3.1/../../../../pic32mx/lib\libc-musl.a(intscan.o)
 .debug_aranges
                0x0000000000000458       0x28 c:/program files/microchip/xc32/v4.35/bin/bin/../../lib/gcc/pic32mx/8.3.1/../../../../pic32mx/lib\libc-musl.a(shgetc.o)
 .debug_aranges
                0x0000000000000480       0x20 c:/program files/microchip/xc32/v4.35/bin/bin/../../lib/gcc/pic32mx/8.3.1/../../../../pic32mx/lib\libc-musl.a(__int_vsprintf.o)
 .debug_aranges
                0x00000000000004a0       0x20 c:/program files/microchip/xc32/v4.35/bin/bin/../../lib/gcc/pic32mx/8.3.1/../../../../pic32mx/lib\libc-musl.a(__uflow.o)
 .debug_aranges
                0x00000000000004c0       0x20 c:/program files/microchip/xc32/v4.35/bin/bin/../../lib/gcc/pic32mx/8.3.1/../../../../pic32mx/lib\libc-musl.a(__cvt_u.o)
 .debug_aranges
                0x00000000000004e0       0x20 c:/program files/microchip/xc32/v4.35/bin/bin/../../lib/gcc/pic32mx/8.3.1/../../../../pic32mx/lib\libc-musl.a(stpcpy.o)
 .debug_aranges
                0x0000000000000500       0x20 c:/program files/microchip/xc32/v4.35/bin/bin/../../lib/gcc/pic32mx/8.3.1/../../../../pic32mx/lib\libc-musl.a(stpncpy.o)
 .debug_aranges
                0x0000000000000520       0x20 c:/program files/microchip/xc32/v4.35/bin/bin/../../lib/gcc/pic32mx/8.3.1/../../../../pic32mx/lib\libc-musl.a(strcspn.o)
 .debug_aranges
                0x0000000000000540       0x20 c:/program files/microchip/xc32/v4.35/bin/bin/../../lib/gcc/pic32mx/8.3.1/../../../../pic32mx/lib\libc-musl.a(strspn.o)
 .debug_aranges
                0x0000000000000560       0x20 c:/program files/microchip/xc32/v4.35/bin/bin/../../lib/gcc/pic32mx/8.3.1/../../../../pic32mx/lib\libc-musl.a(__int_vsnprintf.o)
 .debug_aranges
                0x0000000000000580       0x28 c:/program files/microchip/xc32/v4.35/bin/bin/../../lib/gcc/pic32mx/8.3.1/../../../../pic32mx/lib\libc-musl.a(__toread.o)
 .debug_aranges
                0x00000000000005a8       0x30 c:/program files/microchip/xc32/v4.35/bin/bin/../../lib/gcc/pic32mx/8.3.1/../../../../pic32mx/lib\libc-musl.a(__stdio_exit.o)
 .debug_aranges
                0x00000000000005d8       0x20 c:/program files/microchip/xc32/v4.35/bin/bin/../../lib/gcc/pic32mx/8.3.1/../../../../pic32mx/lib\libc-musl.a(strchrnul.o)
 .debug_aranges
                0x00000000000005f8       0x20 c:/program files/microchip/xc32/v4.35/bin/bin/../../lib/gcc/pic32mx/8.3.1/../../../../pic32mx/lib\libc-musl.a(__int_vfprintf.o)
 .debug_aranges
                0x0000000000000618       0x30 c:/program files/microchip/xc32/v4.35/bin/bin/../../lib/gcc/pic32mx/8.3.1/../../../../pic32mx/lib\libm-musl.a(fma.o)
 .debug_aranges
                0x0000000000000648       0x20 c:/program files/microchip/xc32/v4.35/bin/bin/../../lib/gcc/pic32mx/8.3.1/../../../../pic32mx/lib\libm-musl.a(scalbn.o)
 .debug_aranges
                0x0000000000000668       0x20 c:/program files/microchip/xc32/v4.35/bin/bin/../../lib/gcc/pic32mx/8.3.1\libgcc.a(_lshrdi3.o)
 .debug_aranges
                0x0000000000000688       0x20 c:/program files/microchip/xc32/v4.35/bin/bin/../../lib/gcc/pic32mx/8.3.1\libgcc.a(_ashldi3.o)
 .debug_aranges
                0x00000000000006a8       0x20 c:/program files/microchip/xc32/v4.35/bin/bin/../../lib/gcc/pic32mx/8.3.1\libgcc.a(_floatdidf.o)
 .debug_aranges
                0x00000000000006c8       0x20 c:/program files/microchip/xc32/v4.35/bin/bin/../../lib/gcc/pic32mx/8.3.1\libgcc.a(_udivdi3.o)
 .debug_aranges
                0x00000000000006e8       0x20 c:/program files/microchip/xc32/v4.35/bin/bin/../../lib/gcc/pic32mx/8.3.1\libgcc.a(_umoddi3.o)
 .debug_aranges
                0x0000000000000708       0x20 c:/program files/microchip/xc32/v4.35/bin/bin/../../lib/gcc/pic32mx/8.3.1\libgcc.a(floatunsidf.o)

.debug_pubnames
 *.elf(.debug_pubnames)
 *(.debug_pubnames)

.debug_info     0x0000000000000000     0xa260
 *.elf(.debug_info .gnu.linkonce.wi.*)
 *(.debug_info .gnu.linkonce.wi.*)
 .debug_info    0x0000000000000000      0x829 build/default/production/TftDriver/spi.o
 .debug_info    0x0000000000000829     0x114b build/default/production/TftDriver/TftDriver.o
 .debug_info    0x0000000000001974       0xc0 build/default/production/TftDriver/DefaultFonts.o
 .debug_info    0x0000000000001a34       0x5a build/default/production/TftDriver/bulb.o
 .debug_info    0x0000000000001a8e       0x5a build/default/production/TftDriver/fan.o
 .debug_info    0x0000000000001ae8       0xb8 build/default/production/Pic32Ini.o
 .debug_info    0x0000000000001ba0      0xcaa build/default/production/UART.o
 .debug_info    0x000000000000284a      0x48d build/default/production/main.o
 .debug_info    0x0000000000002cd7      0xb45 build/default/production/sensor.o
 .debug_info    0x000000000000381c      0x262 build/default/production/bombilla.o
 .debug_info    0x0000000000003a7e      0x8f8 build/default/production/ventilador.o
 .debug_info    0x0000000000004376       0x9d c:/program files/microchip/xc32/v4.35/bin/bin/../../lib/gcc/pic32mx/8.3.1\libgcc.a(floatunsisf.o)
 .debug_info    0x0000000000004413       0x41 c:/program files/microchip/xc32/v4.35/bin/bin/../../lib/gcc/pic32mx/8.3.1/../../../../pic32mx/lib\libpic32.a(default-bootstrap-exception-handler.o)
 .debug_info    0x0000000000004454       0x3f c:/program files/microchip/xc32/v4.35/bin/bin/../../lib/gcc/pic32mx/8.3.1/../../../../pic32mx/lib\libpic32.a(default-on-reset.o)
 .debug_info    0x0000000000004493       0x3f c:/program files/microchip/xc32/v4.35/bin/bin/../../lib/gcc/pic32mx/8.3.1/../../../../pic32mx/lib\libpic32.a(default-on-bootstrap.o)
 .debug_info    0x00000000000044d2       0x41 c:/program files/microchip/xc32/v4.35/bin/bin/../../lib/gcc/pic32mx/8.3.1/../../../../pic32mx/lib\libpic32.a(default-general-exception-handler.o)
 .debug_info    0x0000000000004513       0x40 c:/program files/microchip/xc32/v4.35/bin/bin/../../lib/gcc/pic32mx/8.3.1/../../../../pic32mx/lib\libpic32.a(defaultinterrupt.o)
 .debug_info    0x0000000000004553      0x1b9 c:/program files/microchip/xc32/v4.35/bin/bin/../../lib/gcc/pic32mx/8.3.1/../../../../pic32mx/lib\libc-musl.a(__sio_sprintf_deEfFgGn.o)
 .debug_info    0x000000000000470c      0x327 c:/program files/microchip/xc32/v4.35/bin/bin/../../lib/gcc/pic32mx/8.3.1/../../../../pic32mx/lib\libc-musl.a(__fmt_d.o)
 .debug_info    0x0000000000004a33      0x613 c:/program files/microchip/xc32/v4.35/bin/bin/../../lib/gcc/pic32mx/8.3.1/../../../../pic32mx/lib\libc-musl.a(__fmt_fp.o)
 .debug_info    0x0000000000005046      0x134 c:/program files/microchip/xc32/v4.35/bin/bin/../../lib/gcc/pic32mx/8.3.1/../../../../pic32mx/lib\libc-musl.a(__pop_float.o)
 .debug_info    0x000000000000517a      0x14e c:/program files/microchip/xc32/v4.35/bin/bin/../../lib/gcc/pic32mx/8.3.1/../../../../pic32mx/lib\libc-musl.a(__pop_int.o)
 .debug_info    0x00000000000052c8      0x15e c:/program files/microchip/xc32/v4.35/bin/bin/../../lib/gcc/pic32mx/8.3.1/../../../../pic32mx/lib\libc-musl.a(__pop_ptr.o)
 .debug_info    0x0000000000005426      0xa27 c:/program files/microchip/xc32/v4.35/bin/bin/../../lib/gcc/pic32mx/8.3.1/../../../../pic32mx/lib\libc-musl.a(__printf_core.o)
 .debug_info    0x0000000000005e4d       0xee c:/program files/microchip/xc32/v4.35/bin/bin/../../lib/gcc/pic32mx/8.3.1/../../../../pic32mx/lib\libc-musl.a(atoi.o)
 .debug_info    0x0000000000005f3b      0x6ec c:/program files/microchip/xc32/v4.35/bin/bin/../../lib/gcc/pic32mx/8.3.1/../../../../pic32mx/lib\libc-musl.a(strtol.o)
 .debug_info    0x0000000000006627       0xf7 c:/program files/microchip/xc32/v4.35/bin/bin/../../lib/gcc/pic32mx/8.3.1/../../../../pic32mx/lib\libc-musl.a(memcpy.o)
 .debug_info    0x000000000000671e       0xbb c:/program files/microchip/xc32/v4.35/bin/bin/../../lib/gcc/pic32mx/8.3.1/../../../../pic32mx/lib\libc-musl.a(strcpy.o)
 .debug_info    0x00000000000067d9       0xdc c:/program files/microchip/xc32/v4.35/bin/bin/../../lib/gcc/pic32mx/8.3.1/../../../../pic32mx/lib\libc-musl.a(strncpy.o)
 .debug_info    0x00000000000068b5       0xf0 c:/program files/microchip/xc32/v4.35/bin/bin/../../lib/gcc/pic32mx/8.3.1/../../../../pic32mx/lib\libc-musl.a(strtok.o)
 .debug_info    0x00000000000069a5      0x11b c:/program files/microchip/xc32/v4.35/bin/bin/../../lib/gcc/pic32mx/8.3.1/../../../../pic32mx/lib\libc-musl.a(tolower.o)
 .debug_info    0x0000000000006ac0      0x58c c:/program files/microchip/xc32/v4.35/bin/bin/../../lib/gcc/pic32mx/8.3.1/../../../../pic32mx/lib\libc-musl.a(intscan.o)
 .debug_info    0x000000000000704c      0x391 c:/program files/microchip/xc32/v4.35/bin/bin/../../lib/gcc/pic32mx/8.3.1/../../../../pic32mx/lib\libc-musl.a(shgetc.o)
 .debug_info    0x00000000000073dd      0x127 c:/program files/microchip/xc32/v4.35/bin/bin/../../lib/gcc/pic32mx/8.3.1/../../../../pic32mx/lib\libc-musl.a(__int_vsprintf.o)
 .debug_info    0x0000000000007504      0x373 c:/program files/microchip/xc32/v4.35/bin/bin/../../lib/gcc/pic32mx/8.3.1/../../../../pic32mx/lib\libc-musl.a(__uflow.o)
 .debug_info    0x0000000000007877      0x1d0 c:/program files/microchip/xc32/v4.35/bin/bin/../../lib/gcc/pic32mx/8.3.1/../../../../pic32mx/lib\libc-musl.a(__cvt_u.o)
 .debug_info    0x0000000000007a47       0xab c:/program files/microchip/xc32/v4.35/bin/bin/../../lib/gcc/pic32mx/8.3.1/../../../../pic32mx/lib\libc-musl.a(stpcpy.o)
 .debug_info    0x0000000000007af2       0xdf c:/program files/microchip/xc32/v4.35/bin/bin/../../lib/gcc/pic32mx/8.3.1/../../../../pic32mx/lib\libc-musl.a(stpncpy.o)
 .debug_info    0x0000000000007bd1      0x114 c:/program files/microchip/xc32/v4.35/bin/bin/../../lib/gcc/pic32mx/8.3.1/../../../../pic32mx/lib\libc-musl.a(strcspn.o)
 .debug_info    0x0000000000007ce5       0xf1 c:/program files/microchip/xc32/v4.35/bin/bin/../../lib/gcc/pic32mx/8.3.1/../../../../pic32mx/lib\libc-musl.a(strspn.o)
 .debug_info    0x0000000000007dd6      0x1f5 c:/program files/microchip/xc32/v4.35/bin/bin/../../lib/gcc/pic32mx/8.3.1/../../../../pic32mx/lib\libc-musl.a(__int_vsnprintf.o)
 .debug_info    0x0000000000007fcb      0x373 c:/program files/microchip/xc32/v4.35/bin/bin/../../lib/gcc/pic32mx/8.3.1/../../../../pic32mx/lib\libc-musl.a(__toread.o)
 .debug_info    0x000000000000833e      0x2cc c:/program files/microchip/xc32/v4.35/bin/bin/../../lib/gcc/pic32mx/8.3.1/../../../../pic32mx/lib\libc-musl.a(__stdio_exit.o)
 .debug_info    0x000000000000860a      0x12a c:/program files/microchip/xc32/v4.35/bin/bin/../../lib/gcc/pic32mx/8.3.1/../../../../pic32mx/lib\libc-musl.a(strchrnul.o)
 .debug_info    0x0000000000008734      0x1e0 c:/program files/microchip/xc32/v4.35/bin/bin/../../lib/gcc/pic32mx/8.3.1/../../../../pic32mx/lib\libc-musl.a(__int_vfprintf.o)
 .debug_info    0x0000000000008914      0x53f c:/program files/microchip/xc32/v4.35/bin/bin/../../lib/gcc/pic32mx/8.3.1/../../../../pic32mx/lib\libm-musl.a(fma.o)
 .debug_info    0x0000000000008e53      0x109 c:/program files/microchip/xc32/v4.35/bin/bin/../../lib/gcc/pic32mx/8.3.1/../../../../pic32mx/lib\libm-musl.a(scalbn.o)
 .debug_info    0x0000000000008f5c      0x1aa c:/program files/microchip/xc32/v4.35/bin/bin/../../lib/gcc/pic32mx/8.3.1\libgcc.a(_lshrdi3.o)
 .debug_info    0x0000000000009106      0x1aa c:/program files/microchip/xc32/v4.35/bin/bin/../../lib/gcc/pic32mx/8.3.1\libgcc.a(_ashldi3.o)
 .debug_info    0x00000000000092b0       0xf9 c:/program files/microchip/xc32/v4.35/bin/bin/../../lib/gcc/pic32mx/8.3.1\libgcc.a(_floatdidf.o)
 .debug_info    0x00000000000093a9      0x6ca c:/program files/microchip/xc32/v4.35/bin/bin/../../lib/gcc/pic32mx/8.3.1\libgcc.a(_udivdi3.o)
 .debug_info    0x0000000000009a73      0x73e c:/program files/microchip/xc32/v4.35/bin/bin/../../lib/gcc/pic32mx/8.3.1\libgcc.a(_umoddi3.o)
 .debug_info    0x000000000000a1b1       0xaf c:/program files/microchip/xc32/v4.35/bin/bin/../../lib/gcc/pic32mx/8.3.1\libgcc.a(floatunsidf.o)

.debug_abbrev   0x0000000000000000     0x368a
 *.elf(.debug_abbrev)
 *(.debug_abbrev)
 .debug_abbrev  0x0000000000000000      0x143 build/default/production/TftDriver/spi.o
 .debug_abbrev  0x0000000000000143      0x29b build/default/production/TftDriver/TftDriver.o
 .debug_abbrev  0x00000000000003de       0x61 build/default/production/TftDriver/DefaultFonts.o
 .debug_abbrev  0x000000000000043f       0x47 build/default/production/TftDriver/bulb.o
 .debug_abbrev  0x0000000000000486       0x47 build/default/production/TftDriver/fan.o
 .debug_abbrev  0x00000000000004cd       0x6d build/default/production/Pic32Ini.o
 .debug_abbrev  0x000000000000053a      0x1b6 build/default/production/UART.o
 .debug_abbrev  0x00000000000006f0      0x204 build/default/production/main.o
 .debug_abbrev  0x00000000000008f4      0x1f1 build/default/production/sensor.o
 .debug_abbrev  0x0000000000000ae5      0x100 build/default/production/bombilla.o
 .debug_abbrev  0x0000000000000be5      0x1b0 build/default/production/ventilador.o
 .debug_abbrev  0x0000000000000d95       0x7d c:/program files/microchip/xc32/v4.35/bin/bin/../../lib/gcc/pic32mx/8.3.1\libgcc.a(floatunsisf.o)
 .debug_abbrev  0x0000000000000e12       0x31 c:/program files/microchip/xc32/v4.35/bin/bin/../../lib/gcc/pic32mx/8.3.1/../../../../pic32mx/lib\libpic32.a(default-bootstrap-exception-handler.o)
 .debug_abbrev  0x0000000000000e43       0x2e c:/program files/microchip/xc32/v4.35/bin/bin/../../lib/gcc/pic32mx/8.3.1/../../../../pic32mx/lib\libpic32.a(default-on-reset.o)
 .debug_abbrev  0x0000000000000e71       0x2e c:/program files/microchip/xc32/v4.35/bin/bin/../../lib/gcc/pic32mx/8.3.1/../../../../pic32mx/lib\libpic32.a(default-on-bootstrap.o)
 .debug_abbrev  0x0000000000000e9f       0x31 c:/program files/microchip/xc32/v4.35/bin/bin/../../lib/gcc/pic32mx/8.3.1/../../../../pic32mx/lib\libpic32.a(default-general-exception-handler.o)
 .debug_abbrev  0x0000000000000ed0       0x31 c:/program files/microchip/xc32/v4.35/bin/bin/../../lib/gcc/pic32mx/8.3.1/../../../../pic32mx/lib\libpic32.a(defaultinterrupt.o)
 .debug_abbrev  0x0000000000000f01      0x100 c:/program files/microchip/xc32/v4.35/bin/bin/../../lib/gcc/pic32mx/8.3.1/../../../../pic32mx/lib\libc-musl.a(__sio_sprintf_deEfFgGn.o)
 .debug_abbrev  0x0000000000001001      0x161 c:/program files/microchip/xc32/v4.35/bin/bin/../../lib/gcc/pic32mx/8.3.1/../../../../pic32mx/lib\libc-musl.a(__fmt_d.o)
 .debug_abbrev  0x0000000000001162      0x1d8 c:/program files/microchip/xc32/v4.35/bin/bin/../../lib/gcc/pic32mx/8.3.1/../../../../pic32mx/lib\libc-musl.a(__fmt_fp.o)
 .debug_abbrev  0x000000000000133a       0xc3 c:/program files/microchip/xc32/v4.35/bin/bin/../../lib/gcc/pic32mx/8.3.1/../../../../pic32mx/lib\libc-musl.a(__pop_float.o)
 .debug_abbrev  0x00000000000013fd       0xc3 c:/program files/microchip/xc32/v4.35/bin/bin/../../lib/gcc/pic32mx/8.3.1/../../../../pic32mx/lib\libc-musl.a(__pop_int.o)
 .debug_abbrev  0x00000000000014c0       0xd7 c:/program files/microchip/xc32/v4.35/bin/bin/../../lib/gcc/pic32mx/8.3.1/../../../../pic32mx/lib\libc-musl.a(__pop_ptr.o)
 .debug_abbrev  0x0000000000001597      0x318 c:/program files/microchip/xc32/v4.35/bin/bin/../../lib/gcc/pic32mx/8.3.1/../../../../pic32mx/lib\libc-musl.a(__printf_core.o)
 .debug_abbrev  0x00000000000018af       0xc4 c:/program files/microchip/xc32/v4.35/bin/bin/../../lib/gcc/pic32mx/8.3.1/../../../../pic32mx/lib\libc-musl.a(atoi.o)
 .debug_abbrev  0x0000000000001973      0x192 c:/program files/microchip/xc32/v4.35/bin/bin/../../lib/gcc/pic32mx/8.3.1/../../../../pic32mx/lib\libc-musl.a(strtol.o)
 .debug_abbrev  0x0000000000001b05       0xaa c:/program files/microchip/xc32/v4.35/bin/bin/../../lib/gcc/pic32mx/8.3.1/../../../../pic32mx/lib\libc-musl.a(memcpy.o)
 .debug_abbrev  0x0000000000001baf       0xa2 c:/program files/microchip/xc32/v4.35/bin/bin/../../lib/gcc/pic32mx/8.3.1/../../../../pic32mx/lib\libc-musl.a(strcpy.o)
 .debug_abbrev  0x0000000000001c51       0x9d c:/program files/microchip/xc32/v4.35/bin/bin/../../lib/gcc/pic32mx/8.3.1/../../../../pic32mx/lib\libc-musl.a(strncpy.o)
 .debug_abbrev  0x0000000000001cee       0xac c:/program files/microchip/xc32/v4.35/bin/bin/../../lib/gcc/pic32mx/8.3.1/../../../../pic32mx/lib\libc-musl.a(strtok.o)
 .debug_abbrev  0x0000000000001d9a       0xf1 c:/program files/microchip/xc32/v4.35/bin/bin/../../lib/gcc/pic32mx/8.3.1/../../../../pic32mx/lib\libc-musl.a(tolower.o)
 .debug_abbrev  0x0000000000001e8b      0x1f8 c:/program files/microchip/xc32/v4.35/bin/bin/../../lib/gcc/pic32mx/8.3.1/../../../../pic32mx/lib\libc-musl.a(intscan.o)
 .debug_abbrev  0x0000000000002083      0x166 c:/program files/microchip/xc32/v4.35/bin/bin/../../lib/gcc/pic32mx/8.3.1/../../../../pic32mx/lib\libc-musl.a(shgetc.o)
 .debug_abbrev  0x00000000000021e9       0xb1 c:/program files/microchip/xc32/v4.35/bin/bin/../../lib/gcc/pic32mx/8.3.1/../../../../pic32mx/lib\libc-musl.a(__int_vsprintf.o)
 .debug_abbrev  0x000000000000229a      0x141 c:/program files/microchip/xc32/v4.35/bin/bin/../../lib/gcc/pic32mx/8.3.1/../../../../pic32mx/lib\libc-musl.a(__uflow.o)
 .debug_abbrev  0x00000000000023db       0xe5 c:/program files/microchip/xc32/v4.35/bin/bin/../../lib/gcc/pic32mx/8.3.1/../../../../pic32mx/lib\libc-musl.a(__cvt_u.o)
 .debug_abbrev  0x00000000000024c0       0x6e c:/program files/microchip/xc32/v4.35/bin/bin/../../lib/gcc/pic32mx/8.3.1/../../../../pic32mx/lib\libc-musl.a(stpcpy.o)
 .debug_abbrev  0x000000000000252e       0xa5 c:/program files/microchip/xc32/v4.35/bin/bin/../../lib/gcc/pic32mx/8.3.1/../../../../pic32mx/lib\libc-musl.a(stpncpy.o)
 .debug_abbrev  0x00000000000025d3       0xe1 c:/program files/microchip/xc32/v4.35/bin/bin/../../lib/gcc/pic32mx/8.3.1/../../../../pic32mx/lib\libc-musl.a(strcspn.o)
 .debug_abbrev  0x00000000000026b4       0xd2 c:/program files/microchip/xc32/v4.35/bin/bin/../../lib/gcc/pic32mx/8.3.1/../../../../pic32mx/lib\libc-musl.a(strspn.o)
 .debug_abbrev  0x0000000000002786      0x13a c:/program files/microchip/xc32/v4.35/bin/bin/../../lib/gcc/pic32mx/8.3.1/../../../../pic32mx/lib\libc-musl.a(__int_vsnprintf.o)
 .debug_abbrev  0x00000000000028c0      0x148 c:/program files/microchip/xc32/v4.35/bin/bin/../../lib/gcc/pic32mx/8.3.1/../../../../pic32mx/lib\libc-musl.a(__toread.o)
 .debug_abbrev  0x0000000000002a08      0x170 c:/program files/microchip/xc32/v4.35/bin/bin/../../lib/gcc/pic32mx/8.3.1/../../../../pic32mx/lib\libc-musl.a(__stdio_exit.o)
 .debug_abbrev  0x0000000000002b78       0xbc c:/program files/microchip/xc32/v4.35/bin/bin/../../lib/gcc/pic32mx/8.3.1/../../../../pic32mx/lib\libc-musl.a(strchrnul.o)
 .debug_abbrev  0x0000000000002c34      0x118 c:/program files/microchip/xc32/v4.35/bin/bin/../../lib/gcc/pic32mx/8.3.1/../../../../pic32mx/lib\libc-musl.a(__int_vfprintf.o)
 .debug_abbrev  0x0000000000002d4c      0x238 c:/program files/microchip/xc32/v4.35/bin/bin/../../lib/gcc/pic32mx/8.3.1/../../../../pic32mx/lib\libm-musl.a(fma.o)
 .debug_abbrev  0x0000000000002f84       0xac c:/program files/microchip/xc32/v4.35/bin/bin/../../lib/gcc/pic32mx/8.3.1/../../../../pic32mx/lib\libm-musl.a(scalbn.o)
 .debug_abbrev  0x0000000000003030      0x121 c:/program files/microchip/xc32/v4.35/bin/bin/../../lib/gcc/pic32mx/8.3.1\libgcc.a(_lshrdi3.o)
 .debug_abbrev  0x0000000000003151      0x121 c:/program files/microchip/xc32/v4.35/bin/bin/../../lib/gcc/pic32mx/8.3.1\libgcc.a(_ashldi3.o)
 .debug_abbrev  0x0000000000003272       0x7d c:/program files/microchip/xc32/v4.35/bin/bin/../../lib/gcc/pic32mx/8.3.1\libgcc.a(_floatdidf.o)
 .debug_abbrev  0x00000000000032ef      0x184 c:/program files/microchip/xc32/v4.35/bin/bin/../../lib/gcc/pic32mx/8.3.1\libgcc.a(_udivdi3.o)
 .debug_abbrev  0x0000000000003473      0x19a c:/program files/microchip/xc32/v4.35/bin/bin/../../lib/gcc/pic32mx/8.3.1\libgcc.a(_umoddi3.o)
 .debug_abbrev  0x000000000000360d       0x7d c:/program files/microchip/xc32/v4.35/bin/bin/../../lib/gcc/pic32mx/8.3.1\libgcc.a(floatunsidf.o)

.debug_line     0x0000000000000000     0x7276
 *.elf(.debug_line)
 *(.debug_line)
 .debug_line    0x0000000000000000      0x1cb build/default/production/TftDriver/spi.o
 .debug_line    0x00000000000001cb      0xc97 build/default/production/TftDriver/TftDriver.o
 .debug_line    0x0000000000000e62       0xc3 build/default/production/TftDriver/DefaultFonts.o
 .debug_line    0x0000000000000f25       0x6d build/default/production/TftDriver/bulb.o
 .debug_line    0x0000000000000f92       0x6c build/default/production/TftDriver/fan.o
 .debug_line    0x0000000000000ffe      0x13e build/default/production/Pic32Ini.o
 .debug_line    0x000000000000113c      0x26e build/default/production/UART.o
 .debug_line    0x00000000000013aa      0x346 build/default/production/main.o
 .debug_line    0x00000000000016f0      0x20f build/default/production/sensor.o
 .debug_line    0x00000000000018ff      0x1c6 build/default/production/bombilla.o
 .debug_line    0x0000000000001ac5      0x204 build/default/production/ventilador.o
 .debug_line    0x0000000000001cc9       0xb2 c:/program files/microchip/xc32/v4.35/bin/bin/../../lib/gcc/pic32mx/8.3.1\libgcc.a(floatunsisf.o)
 .debug_line    0x0000000000001d7b       0xcc c:/program files/microchip/xc32/v4.35/bin/bin/../../lib/gcc/pic32mx/8.3.1/../../../../pic32mx/lib\libpic32.a(default-bootstrap-exception-handler.o)
 .debug_line    0x0000000000001e47       0xa8 c:/program files/microchip/xc32/v4.35/bin/bin/../../lib/gcc/pic32mx/8.3.1/../../../../pic32mx/lib\libpic32.a(default-on-reset.o)
 .debug_line    0x0000000000001eef       0xac c:/program files/microchip/xc32/v4.35/bin/bin/../../lib/gcc/pic32mx/8.3.1/../../../../pic32mx/lib\libpic32.a(default-on-bootstrap.o)
 .debug_line    0x0000000000001f9b       0xca c:/program files/microchip/xc32/v4.35/bin/bin/../../lib/gcc/pic32mx/8.3.1/../../../../pic32mx/lib\libpic32.a(default-general-exception-handler.o)
 .debug_line    0x0000000000002065       0xcb c:/program files/microchip/xc32/v4.35/bin/bin/../../lib/gcc/pic32mx/8.3.1/../../../../pic32mx/lib\libpic32.a(defaultinterrupt.o)
 .debug_line    0x0000000000002130      0x1ee c:/program files/microchip/xc32/v4.35/bin/bin/../../lib/gcc/pic32mx/8.3.1/../../../../pic32mx/lib\libc-musl.a(__sio_sprintf_deEfFgGn.o)
 .debug_line    0x000000000000231e      0x250 c:/program files/microchip/xc32/v4.35/bin/bin/../../lib/gcc/pic32mx/8.3.1/../../../../pic32mx/lib\libc-musl.a(__fmt_d.o)
 .debug_line    0x000000000000256e      0x6ed c:/program files/microchip/xc32/v4.35/bin/bin/../../lib/gcc/pic32mx/8.3.1/../../../../pic32mx/lib\libc-musl.a(__fmt_fp.o)
 .debug_line    0x0000000000002c5b      0x1ad c:/program files/microchip/xc32/v4.35/bin/bin/../../lib/gcc/pic32mx/8.3.1/../../../../pic32mx/lib\libc-musl.a(__pop_float.o)
 .debug_line    0x0000000000002e08      0x24c c:/program files/microchip/xc32/v4.35/bin/bin/../../lib/gcc/pic32mx/8.3.1/../../../../pic32mx/lib\libc-musl.a(__pop_int.o)
 .debug_line    0x0000000000003054      0x205 c:/program files/microchip/xc32/v4.35/bin/bin/../../lib/gcc/pic32mx/8.3.1/../../../../pic32mx/lib\libc-musl.a(__pop_ptr.o)
 .debug_line    0x0000000000003259      0x6fc c:/program files/microchip/xc32/v4.35/bin/bin/../../lib/gcc/pic32mx/8.3.1/../../../../pic32mx/lib\libc-musl.a(__printf_core.o)
 .debug_line    0x0000000000003955      0x172 c:/program files/microchip/xc32/v4.35/bin/bin/../../lib/gcc/pic32mx/8.3.1/../../../../pic32mx/lib\libc-musl.a(atoi.o)
 .debug_line    0x0000000000003ac7      0x33b c:/program files/microchip/xc32/v4.35/bin/bin/../../lib/gcc/pic32mx/8.3.1/../../../../pic32mx/lib\libc-musl.a(strtol.o)
 .debug_line    0x0000000000003e02      0x139 c:/program files/microchip/xc32/v4.35/bin/bin/../../lib/gcc/pic32mx/8.3.1/../../../../pic32mx/lib\libc-musl.a(memcpy.o)
 .debug_line    0x0000000000003f3b       0xaf c:/program files/microchip/xc32/v4.35/bin/bin/../../lib/gcc/pic32mx/8.3.1/../../../../pic32mx/lib\libc-musl.a(strcpy.o)
 .debug_line    0x0000000000003fea      0x120 c:/program files/microchip/xc32/v4.35/bin/bin/../../lib/gcc/pic32mx/8.3.1/../../../../pic32mx/lib\libc-musl.a(strncpy.o)
 .debug_line    0x000000000000410a      0x167 c:/program files/microchip/xc32/v4.35/bin/bin/../../lib/gcc/pic32mx/8.3.1/../../../../pic32mx/lib\libc-musl.a(strtok.o)
 .debug_line    0x0000000000004271      0x1b3 c:/program files/microchip/xc32/v4.35/bin/bin/../../lib/gcc/pic32mx/8.3.1/../../../../pic32mx/lib\libc-musl.a(tolower.o)
 .debug_line    0x0000000000004424      0x4f1 c:/program files/microchip/xc32/v4.35/bin/bin/../../lib/gcc/pic32mx/8.3.1/../../../../pic32mx/lib\libc-musl.a(intscan.o)
 .debug_line    0x0000000000004915      0x244 c:/program files/microchip/xc32/v4.35/bin/bin/../../lib/gcc/pic32mx/8.3.1/../../../../pic32mx/lib\libc-musl.a(shgetc.o)
 .debug_line    0x0000000000004b59      0x19d c:/program files/microchip/xc32/v4.35/bin/bin/../../lib/gcc/pic32mx/8.3.1/../../../../pic32mx/lib\libc-musl.a(__int_vsprintf.o)
 .debug_line    0x0000000000004cf6      0x21a c:/program files/microchip/xc32/v4.35/bin/bin/../../lib/gcc/pic32mx/8.3.1/../../../../pic32mx/lib\libc-musl.a(__uflow.o)
 .debug_line    0x0000000000004f10      0x234 c:/program files/microchip/xc32/v4.35/bin/bin/../../lib/gcc/pic32mx/8.3.1/../../../../pic32mx/lib\libc-musl.a(__cvt_u.o)
 .debug_line    0x0000000000005144       0xc1 c:/program files/microchip/xc32/v4.35/bin/bin/../../lib/gcc/pic32mx/8.3.1/../../../../pic32mx/lib\libc-musl.a(stpcpy.o)
 .debug_line    0x0000000000005205      0x167 c:/program files/microchip/xc32/v4.35/bin/bin/../../lib/gcc/pic32mx/8.3.1/../../../../pic32mx/lib\libc-musl.a(stpncpy.o)
 .debug_line    0x000000000000536c      0x1e5 c:/program files/microchip/xc32/v4.35/bin/bin/../../lib/gcc/pic32mx/8.3.1/../../../../pic32mx/lib\libc-musl.a(strcspn.o)
 .debug_line    0x0000000000005551      0x187 c:/program files/microchip/xc32/v4.35/bin/bin/../../lib/gcc/pic32mx/8.3.1/../../../../pic32mx/lib\libc-musl.a(strspn.o)
 .debug_line    0x00000000000056d8      0x25f c:/program files/microchip/xc32/v4.35/bin/bin/../../lib/gcc/pic32mx/8.3.1/../../../../pic32mx/lib\libc-musl.a(__int_vsnprintf.o)
 .debug_line    0x0000000000005937      0x274 c:/program files/microchip/xc32/v4.35/bin/bin/../../lib/gcc/pic32mx/8.3.1/../../../../pic32mx/lib\libc-musl.a(__toread.o)
 .debug_line    0x0000000000005bab      0x1d0 c:/program files/microchip/xc32/v4.35/bin/bin/../../lib/gcc/pic32mx/8.3.1/../../../../pic32mx/lib\libc-musl.a(__stdio_exit.o)
 .debug_line    0x0000000000005d7b      0x1f8 c:/program files/microchip/xc32/v4.35/bin/bin/../../lib/gcc/pic32mx/8.3.1/../../../../pic32mx/lib\libc-musl.a(strchrnul.o)
 .debug_line    0x0000000000005f73      0x1bb c:/program files/microchip/xc32/v4.35/bin/bin/../../lib/gcc/pic32mx/8.3.1/../../../../pic32mx/lib\libc-musl.a(__int_vfprintf.o)
 .debug_line    0x000000000000612e      0x6a3 c:/program files/microchip/xc32/v4.35/bin/bin/../../lib/gcc/pic32mx/8.3.1/../../../../pic32mx/lib\libm-musl.a(fma.o)
 .debug_line    0x00000000000067d1      0x180 c:/program files/microchip/xc32/v4.35/bin/bin/../../lib/gcc/pic32mx/8.3.1/../../../../pic32mx/lib\libm-musl.a(scalbn.o)
 .debug_line    0x0000000000006951       0xdf c:/program files/microchip/xc32/v4.35/bin/bin/../../lib/gcc/pic32mx/8.3.1\libgcc.a(_lshrdi3.o)
 .debug_line    0x0000000000006a30       0xe0 c:/program files/microchip/xc32/v4.35/bin/bin/../../lib/gcc/pic32mx/8.3.1\libgcc.a(_ashldi3.o)
 .debug_line    0x0000000000006b10       0xc3 c:/program files/microchip/xc32/v4.35/bin/bin/../../lib/gcc/pic32mx/8.3.1\libgcc.a(_floatdidf.o)
 .debug_line    0x0000000000006bd3      0x2db c:/program files/microchip/xc32/v4.35/bin/bin/../../lib/gcc/pic32mx/8.3.1\libgcc.a(_udivdi3.o)
 .debug_line    0x0000000000006eae      0x312 c:/program files/microchip/xc32/v4.35/bin/bin/../../lib/gcc/pic32mx/8.3.1\libgcc.a(_umoddi3.o)
 .debug_line    0x00000000000071c0       0xb6 c:/program files/microchip/xc32/v4.35/bin/bin/../../lib/gcc/pic32mx/8.3.1\libgcc.a(floatunsidf.o)
 .debug_line    0x0000000000007276        0x0 c:/program files/microchip/xc32/v4.35/bin/bin/../../lib/gcc/pic32mx/8.3.1/../../../../pic32mx/lib\libpic32.a(errno.o)

.debug_frame    0x0000000000000000     0x1314
 *.elf(.debug_frame)
 *(.debug_frame)
 .debug_frame   0x0000000000000000       0x74 build/default/production/TftDriver/spi.o
 .debug_frame   0x0000000000000074      0x49c build/default/production/TftDriver/TftDriver.o
 .debug_frame   0x0000000000000510       0x30 build/default/production/Pic32Ini.o
 .debug_frame   0x0000000000000540       0xb0 build/default/production/UART.o
 .debug_frame   0x00000000000005f0      0x124 build/default/production/main.o
 .debug_frame   0x0000000000000714      0x120 build/default/production/sensor.o
 .debug_frame   0x0000000000000834       0xb8 build/default/production/bombilla.o
 .debug_frame   0x00000000000008ec      0x110 build/default/production/ventilador.o
 .debug_frame   0x00000000000009fc       0x2c c:/program files/microchip/xc32/v4.35/bin/bin/../../lib/gcc/pic32mx/8.3.1\libgcc.a(floatunsisf.o)
 .debug_frame   0x0000000000000a28       0x2c c:/program files/microchip/xc32/v4.35/bin/bin/../../lib/gcc/pic32mx/8.3.1/../../../../pic32mx/lib\libpic32.a(default-bootstrap-exception-handler.o)
 .debug_frame   0x0000000000000a54       0x20 c:/program files/microchip/xc32/v4.35/bin/bin/../../lib/gcc/pic32mx/8.3.1/../../../../pic32mx/lib\libpic32.a(default-on-reset.o)
 .debug_frame   0x0000000000000a74       0x20 c:/program files/microchip/xc32/v4.35/bin/bin/../../lib/gcc/pic32mx/8.3.1/../../../../pic32mx/lib\libpic32.a(default-on-bootstrap.o)
 .debug_frame   0x0000000000000a94       0x2c c:/program files/microchip/xc32/v4.35/bin/bin/../../lib/gcc/pic32mx/8.3.1/../../../../pic32mx/lib\libpic32.a(default-general-exception-handler.o)
 .debug_frame   0x0000000000000ac0       0x20 c:/program files/microchip/xc32/v4.35/bin/bin/../../lib/gcc/pic32mx/8.3.1/../../../../pic32mx/lib\libpic32.a(defaultinterrupt.o)
 .debug_frame   0x0000000000000ae0       0x48 c:/program files/microchip/xc32/v4.35/bin/bin/../../lib/gcc/pic32mx/8.3.1/../../../../pic32mx/lib\libc-musl.a(__sio_sprintf_deEfFgGn.o)
 .debug_frame   0x0000000000000b28       0x38 c:/program files/microchip/xc32/v4.35/bin/bin/../../lib/gcc/pic32mx/8.3.1/../../../../pic32mx/lib\libc-musl.a(__fmt_d.o)
 .debug_frame   0x0000000000000b60       0x44 c:/program files/microchip/xc32/v4.35/bin/bin/../../lib/gcc/pic32mx/8.3.1/../../../../pic32mx/lib\libc-musl.a(__fmt_fp.o)
 .debug_frame   0x0000000000000ba4       0x20 c:/program files/microchip/xc32/v4.35/bin/bin/../../lib/gcc/pic32mx/8.3.1/../../../../pic32mx/lib\libc-musl.a(__pop_float.o)
 .debug_frame   0x0000000000000bc4       0x20 c:/program files/microchip/xc32/v4.35/bin/bin/../../lib/gcc/pic32mx/8.3.1/../../../../pic32mx/lib\libc-musl.a(__pop_int.o)
 .debug_frame   0x0000000000000be4       0x20 c:/program files/microchip/xc32/v4.35/bin/bin/../../lib/gcc/pic32mx/8.3.1/../../../../pic32mx/lib\libc-musl.a(__pop_ptr.o)
 .debug_frame   0x0000000000000c04       0xc8 c:/program files/microchip/xc32/v4.35/bin/bin/../../lib/gcc/pic32mx/8.3.1/../../../../pic32mx/lib\libc-musl.a(__printf_core.o)
 .debug_frame   0x0000000000000ccc       0x20 c:/program files/microchip/xc32/v4.35/bin/bin/../../lib/gcc/pic32mx/8.3.1/../../../../pic32mx/lib\libc-musl.a(atoi.o)
 .debug_frame   0x0000000000000cec       0xdc c:/program files/microchip/xc32/v4.35/bin/bin/../../lib/gcc/pic32mx/8.3.1/../../../../pic32mx/lib\libc-musl.a(strtol.o)
 .debug_frame   0x0000000000000dc8       0x20 c:/program files/microchip/xc32/v4.35/bin/bin/../../lib/gcc/pic32mx/8.3.1/../../../../pic32mx/lib\libc-musl.a(memcpy.o)
 .debug_frame   0x0000000000000de8       0x2c c:/program files/microchip/xc32/v4.35/bin/bin/../../lib/gcc/pic32mx/8.3.1/../../../../pic32mx/lib\libc-musl.a(strcpy.o)
 .debug_frame   0x0000000000000e14       0x2c c:/program files/microchip/xc32/v4.35/bin/bin/../../lib/gcc/pic32mx/8.3.1/../../../../pic32mx/lib\libc-musl.a(strncpy.o)
 .debug_frame   0x0000000000000e40       0x34 c:/program files/microchip/xc32/v4.35/bin/bin/../../lib/gcc/pic32mx/8.3.1/../../../../pic32mx/lib\libc-musl.a(strtok.o)
 .debug_frame   0x0000000000000e74       0x3c c:/program files/microchip/xc32/v4.35/bin/bin/../../lib/gcc/pic32mx/8.3.1/../../../../pic32mx/lib\libc-musl.a(tolower.o)
 .debug_frame   0x0000000000000eb0       0x40 c:/program files/microchip/xc32/v4.35/bin/bin/../../lib/gcc/pic32mx/8.3.1/../../../../pic32mx/lib\libc-musl.a(intscan.o)
 .debug_frame   0x0000000000000ef0       0x40 c:/program files/microchip/xc32/v4.35/bin/bin/../../lib/gcc/pic32mx/8.3.1/../../../../pic32mx/lib\libc-musl.a(shgetc.o)
 .debug_frame   0x0000000000000f30       0x2c c:/program files/microchip/xc32/v4.35/bin/bin/../../lib/gcc/pic32mx/8.3.1/../../../../pic32mx/lib\libc-musl.a(__int_vsprintf.o)
 .debug_frame   0x0000000000000f5c       0x30 c:/program files/microchip/xc32/v4.35/bin/bin/../../lib/gcc/pic32mx/8.3.1/../../../../pic32mx/lib\libc-musl.a(__uflow.o)
 .debug_frame   0x0000000000000f8c       0x40 c:/program files/microchip/xc32/v4.35/bin/bin/../../lib/gcc/pic32mx/8.3.1/../../../../pic32mx/lib\libc-musl.a(__cvt_u.o)
 .debug_frame   0x0000000000000fcc       0x20 c:/program files/microchip/xc32/v4.35/bin/bin/../../lib/gcc/pic32mx/8.3.1/../../../../pic32mx/lib\libc-musl.a(stpcpy.o)
 .debug_frame   0x0000000000000fec       0x20 c:/program files/microchip/xc32/v4.35/bin/bin/../../lib/gcc/pic32mx/8.3.1/../../../../pic32mx/lib\libc-musl.a(stpncpy.o)
 .debug_frame   0x000000000000100c       0x30 c:/program files/microchip/xc32/v4.35/bin/bin/../../lib/gcc/pic32mx/8.3.1/../../../../pic32mx/lib\libc-musl.a(strcspn.o)